Archive member included because of file (symbol)

/home/oni/ARM_EABI/bin/../lib/gcc/arm-none-eabi/4.7.2/../../../../arm-none-eabi/lib/thumb2/libm.a(lib_a-sf_cos.o)
                              ./src/gps.o (cosf)
/home/oni/ARM_EABI/bin/../lib/gcc/arm-none-eabi/4.7.2/../../../../arm-none-eabi/lib/thumb2/libm.a(lib_a-sf_sin.o)
                              ./src/gps.o (sinf)
/home/oni/ARM_EABI/bin/../lib/gcc/arm-none-eabi/4.7.2/../../../../arm-none-eabi/lib/thumb2/libm.a(lib_a-w_log.o)
                              ./src/imu.o (log)
/home/oni/ARM_EABI/bin/../lib/gcc/arm-none-eabi/4.7.2/../../../../arm-none-eabi/lib/thumb2/libm.a(lib_a-wf_asin.o)
                              ./src/imu.o (asinf)
/home/oni/ARM_EABI/bin/../lib/gcc/arm-none-eabi/4.7.2/../../../../arm-none-eabi/lib/thumb2/libm.a(lib_a-wf_atan2.o)
                              ./src/gps.o (atan2f)
/home/oni/ARM_EABI/bin/../lib/gcc/arm-none-eabi/4.7.2/../../../../arm-none-eabi/lib/thumb2/libm.a(lib_a-wf_sqrt.o)
                              ./src/gps.o (sqrtf)
/home/oni/ARM_EABI/bin/../lib/gcc/arm-none-eabi/4.7.2/../../../../arm-none-eabi/lib/thumb2/libm.a(lib_a-e_log.o)
                              /home/oni/ARM_EABI/bin/../lib/gcc/arm-none-eabi/4.7.2/../../../../arm-none-eabi/lib/thumb2/libm.a(lib_a-w_log.o) (__ieee754_log)
/home/oni/ARM_EABI/bin/../lib/gcc/arm-none-eabi/4.7.2/../../../../arm-none-eabi/lib/thumb2/libm.a(lib_a-ef_asin.o)
                              /home/oni/ARM_EABI/bin/../lib/gcc/arm-none-eabi/4.7.2/../../../../arm-none-eabi/lib/thumb2/libm.a(lib_a-wf_asin.o) (__ieee754_asinf)
/home/oni/ARM_EABI/bin/../lib/gcc/arm-none-eabi/4.7.2/../../../../arm-none-eabi/lib/thumb2/libm.a(lib_a-ef_atan2.o)
                              /home/oni/ARM_EABI/bin/../lib/gcc/arm-none-eabi/4.7.2/../../../../arm-none-eabi/lib/thumb2/libm.a(lib_a-wf_atan2.o) (__ieee754_atan2f)
/home/oni/ARM_EABI/bin/../lib/gcc/arm-none-eabi/4.7.2/../../../../arm-none-eabi/lib/thumb2/libm.a(lib_a-ef_rem_pio2.o)
                              /home/oni/ARM_EABI/bin/../lib/gcc/arm-none-eabi/4.7.2/../../../../arm-none-eabi/lib/thumb2/libm.a(lib_a-sf_cos.o) (__ieee754_rem_pio2f)
/home/oni/ARM_EABI/bin/../lib/gcc/arm-none-eabi/4.7.2/../../../../arm-none-eabi/lib/thumb2/libm.a(lib_a-ef_sqrt.o)
                              /home/oni/ARM_EABI/bin/../lib/gcc/arm-none-eabi/4.7.2/../../../../arm-none-eabi/lib/thumb2/libm.a(lib_a-wf_sqrt.o) (__ieee754_sqrtf)
/home/oni/ARM_EABI/bin/../lib/gcc/arm-none-eabi/4.7.2/../../../../arm-none-eabi/lib/thumb2/libm.a(lib_a-kf_cos.o)
                              /home/oni/ARM_EABI/bin/../lib/gcc/arm-none-eabi/4.7.2/../../../../arm-none-eabi/lib/thumb2/libm.a(lib_a-sf_cos.o) (__kernel_cosf)
/home/oni/ARM_EABI/bin/../lib/gcc/arm-none-eabi/4.7.2/../../../../arm-none-eabi/lib/thumb2/libm.a(lib_a-kf_rem_pio2.o)
                              /home/oni/ARM_EABI/bin/../lib/gcc/arm-none-eabi/4.7.2/../../../../arm-none-eabi/lib/thumb2/libm.a(lib_a-ef_rem_pio2.o) (__kernel_rem_pio2f)
/home/oni/ARM_EABI/bin/../lib/gcc/arm-none-eabi/4.7.2/../../../../arm-none-eabi/lib/thumb2/libm.a(lib_a-kf_sin.o)
                              /home/oni/ARM_EABI/bin/../lib/gcc/arm-none-eabi/4.7.2/../../../../arm-none-eabi/lib/thumb2/libm.a(lib_a-sf_cos.o) (__kernel_sinf)
/home/oni/ARM_EABI/bin/../lib/gcc/arm-none-eabi/4.7.2/../../../../arm-none-eabi/lib/thumb2/libm.a(lib_a-s_fpclassify.o)
                              /home/oni/ARM_EABI/bin/../lib/gcc/arm-none-eabi/4.7.2/../../../../arm-none-eabi/lib/thumb2/libm.a(lib_a-w_log.o) (__fpclassifyd)
/home/oni/ARM_EABI/bin/../lib/gcc/arm-none-eabi/4.7.2/../../../../arm-none-eabi/lib/thumb2/libm.a(lib_a-s_lib_ver.o)
                              /home/oni/ARM_EABI/bin/../lib/gcc/arm-none-eabi/4.7.2/../../../../arm-none-eabi/lib/thumb2/libm.a(lib_a-w_log.o) (__fdlib_version)
/home/oni/ARM_EABI/bin/../lib/gcc/arm-none-eabi/4.7.2/../../../../arm-none-eabi/lib/thumb2/libm.a(lib_a-s_matherr.o)
                              /home/oni/ARM_EABI/bin/../lib/gcc/arm-none-eabi/4.7.2/../../../../arm-none-eabi/lib/thumb2/libm.a(lib_a-w_log.o) (matherr)
/home/oni/ARM_EABI/bin/../lib/gcc/arm-none-eabi/4.7.2/../../../../arm-none-eabi/lib/thumb2/libm.a(lib_a-s_nan.o)
                              /home/oni/ARM_EABI/bin/../lib/gcc/arm-none-eabi/4.7.2/../../../../arm-none-eabi/lib/thumb2/libm.a(lib_a-w_log.o) (nan)
/home/oni/ARM_EABI/bin/../lib/gcc/arm-none-eabi/4.7.2/../../../../arm-none-eabi/lib/thumb2/libm.a(lib_a-sf_atan.o)
                              /home/oni/ARM_EABI/bin/../lib/gcc/arm-none-eabi/4.7.2/../../../../arm-none-eabi/lib/thumb2/libm.a(lib_a-ef_atan2.o) (atanf)
/home/oni/ARM_EABI/bin/../lib/gcc/arm-none-eabi/4.7.2/../../../../arm-none-eabi/lib/thumb2/libm.a(lib_a-sf_fabs.o)
                              /home/oni/ARM_EABI/bin/../lib/gcc/arm-none-eabi/4.7.2/../../../../arm-none-eabi/lib/thumb2/libm.a(lib_a-wf_asin.o) (fabsf)
[...]
Memory Configuration

Name             Origin             Length             Attributes
FLASH            0x08000000         0x0001fc00         xr
RAM              0x20000000         0x00005000         xrw
MEMORY_B1        0x60000000         0x00000000         xr
*default*        0x00000000         0xffffffff

Linker script and memory map

LOAD /home/oni/ARM_EABI/bin/../lib/gcc/arm-none-eabi/4.7.2/thumb2/crti.o
LOAD /home/oni/ARM_EABI/bin/../lib/gcc/arm-none-eabi/4.7.2/thumb2/crtbegin.o
LOAD ./src/buzzer.o
LOAD ./src/cli.o
LOAD ./src/config.o
LOAD ./src/drv_adc.o
LOAD ./src/drv_adc_fy90q.o
LOAD ./src/drv_adxl345.o
LOAD ./src/drv_bmp085.o
LOAD ./src/drv_hcsr04.o
LOAD ./src/drv_hmc5883l.o
LOAD ./src/drv_i2c.o
LOAD ./src/drv_i2c_soft.o
LOAD ./src/drv_l3g4200d.o
LOAD ./src/drv_ledring.o
LOAD ./src/drv_mma845x.o
LOAD ./src/drv_mpu3050.o
LOAD ./src/drv_mpu6050.o
LOAD ./src/drv_ms5611.o
LOAD ./src/drv_pwm.o
LOAD ./src/drv_pwm_fy90q.o
LOAD ./src/drv_system.o
LOAD ./src/drv_uart.o
LOAD ./src/gps.o
LOAD ./src/imu.o
LOAD ./src/main.o
LOAD ./src/mixer.o
LOAD ./src/mw.o
LOAD ./src/printf.o
LOAD ./src/sensors.o
LOAD ./src/serial.o
LOAD ./src/spektrum.o
LOAD ./src/telemetry.o
LOAD ./src/baseflight_startups/startup_stm32f10x_md_gcc.o
LOAD ./lib/STM32F10x_StdPeriph_Driver/src/misc.o
LOAD ./lib/STM32F10x_StdPeriph_Driver/src/stm32f10x_adc.o
LOAD ./lib/STM32F10x_StdPeriph_Driver/src/stm32f10x_bkp.o
LOAD ./lib/STM32F10x_StdPeriph_Driver/src/stm32f10x_can.o
LOAD ./lib/STM32F10x_StdPeriph_Driver/src/stm32f10x_cec.o
LOAD ./lib/STM32F10x_StdPeriph_Driver/src/stm32f10x_crc.o
LOAD ./lib/STM32F10x_StdPeriph_Driver/src/stm32f10x_dac.o
LOAD ./lib/STM32F10x_StdPeriph_Driver/src/stm32f10x_dbgmcu.o
LOAD ./lib/STM32F10x_StdPeriph_Driver/src/stm32f10x_dma.o
LOAD ./lib/STM32F10x_StdPeriph_Driver/src/stm32f10x_exti.o
LOAD ./lib/STM32F10x_StdPeriph_Driver/src/stm32f10x_flash.o
LOAD ./lib/STM32F10x_StdPeriph_Driver/src/stm32f10x_fsmc.o
LOAD ./lib/STM32F10x_StdPeriph_Driver/src/stm32f10x_gpio.o
LOAD ./lib/STM32F10x_StdPeriph_Driver/src/stm32f10x_i2c.o
LOAD ./lib/STM32F10x_StdPeriph_Driver/src/stm32f10x_iwdg.o
LOAD ./lib/STM32F10x_StdPeriph_Driver/src/stm32f10x_pwr.o
LOAD ./lib/STM32F10x_StdPeriph_Driver/src/stm32f10x_rcc.o
LOAD ./lib/STM32F10x_StdPeriph_Driver/src/stm32f10x_rtc.o
LOAD ./lib/STM32F10x_StdPeriph_Driver/src/stm32f10x_sdio.o
LOAD ./lib/STM32F10x_StdPeriph_Driver/src/stm32f10x_spi.o
LOAD ./lib/STM32F10x_StdPeriph_Driver/src/stm32f10x_tim.o
LOAD ./lib/STM32F10x_StdPeriph_Driver/src/stm32f10x_usart.o
LOAD ./lib/STM32F10x_StdPeriph_Driver/src/stm32f10x_wwdg.o
LOAD ./lib/CMSIS/CM3/DeviceSupport/ST/STM32F10x/system_stm32f10x.o
LOAD ./lib/CMSIS/CM3/CoreSupport/core_cm3.o
LOAD /home/oni/ARM_EABI/bin/../lib/gcc/arm-none-eabi/4.7.2/../../../../arm-none-eabi/lib/thumb2/libm.a
START GROUP
LOAD /home/oni/ARM_EABI/bin/../lib/gcc/arm-none-eabi/4.7.2/thumb2/libgcc.a
LOAD /home/oni/ARM_EABI/bin/../lib/gcc/arm-none-eabi/4.7.2/../../../../arm-none-eabi/lib/thumb2/libc.a
END GROUP
LOAD /home/oni/ARM_EABI/bin/../lib/gcc/arm-none-eabi/4.7.2/thumb2/crtend.o
LOAD /home/oni/ARM_EABI/bin/../lib/gcc/arm-none-eabi/4.7.2/thumb2/crtn.o
                0x20005000                _estack = 0x20005000
                0x00000000                _Min_Heap_Size = 0x0
                0x00000400                _Min_Stack_Size = 0x400

.isr_vector     0x08000000      0x10c
                0x08000000                . = ALIGN (0x4)
 *(.isr_vector)
 .isr_vector    0x08000000      0x10c ./src/baseflight_startups/startup_stm32f10x_md_gcc.o
                0x08000000                g_pfnVectors
                0x0800010c                . = ALIGN (0x4)

.text           0x08000110    0x1c18c
                0x08000110                . = ALIGN (0x4)
 *(.text)
 .text          0x08000110       0xc8 /home/oni/ARM_EABI/bin/../lib/gcc/arm-none-eabi/4.7.2/thumb2/crtbegin.o
 .text          0x080001d8      0x41c ./src/buzzer.o
                0x080001d8                buzzer
 *fill*         0x080005f4        0x4 
 .text          0x080005f8     0x1b10 ./src/cli.o
                0x08000650                itoa
                0x08001e14                cliProcess
 .text          0x08002108      0xab0 ./src/config.o
                0x08002108                parseRcChannels
                0x080021ec                readEEPROM
                0x0800240c                writeEEPROM
                0x0800256c                checkFirstTime
                0x08002a88                sensors
                0x08002ab4                sensorsSet
                0x08002ad8                sensorsClear
                0x08002b00                sensorsMask
                0x08002b14                feature
                0x08002b40                featureSet
                0x08002b64                featureClear
                0x08002b8c                featureClearAll
                0x08002ba4                featureMask
 .text          0x08002bb8      0x184 ./src/drv_adc.o
                0x08002bb8                adcInit
                0x08002d18                adcGetChannel
 .text          0x08002d3c      0x290 ./src/drv_adxl345.o
                0x08002d3c                adxl345Detect
 .text          0x08002fcc      0x5ec ./src/drv_bmp085.o
                0x08002fcc                EXTI15_10_IRQHandler
                0x08002ff4                bmp085Detect
 .text          0x080035b8      0x24c ./src/drv_hcsr04.o
                0x080035ec                ECHO_EXTI_IRQHandler
                0x08003670                EXTI1_IRQHandler
                0x0800367c                EXTI9_5_IRQHandler
                0x08003688                hcsr04_init
                0x080037a0                hcsr04_get_distance
 *fill*         0x08003804        0x4 
 .text          0x08003808      0x380 ./src/drv_hmc5883l.o
                0x08003808                hmc5883lDetect
                0x08003858                hmc5883lInit
                0x08003b24                hmc5883lRead
 .text          0x08003b88      0xb68 ./src/drv_i2c.o
                0x08003b98                I2C1_ER_IRQHandler
                0x08003ba4                I2C1_EV_IRQHandler
                0x08003bb0                I2C2_ER_IRQHandler
                0x08003bbc                I2C2_EV_IRQHandler
                0x08003cc8                i2cWriteBuffer
                0x08003e48                i2cWrite
                0x08003e7c                i2cRead
                0x0800450c                i2cInit
                0x080045ec                i2cGetErrorCounter
 .text          0x080046f0      0x1e8 ./src/drv_l3g4200d.o
                0x080046f0                l3g4200dDetect
 .text          0x080048d8      0x1f4 ./src/drv_ledring.o
                0x080048d8                ledringDetect
                0x08004920                ledringState
                0x08004a98                ledringBlink
 .text          0x08004acc      0x234 ./src/drv_mma845x.o
                0x08004acc                mma8452Detect
 .text          0x08004d00      0x294 ./src/drv_mpu3050.o
                0x08004d00                mpu3050Detect
 .text          0x08004f94      0x478 ./src/drv_mpu6050.o
                0x08004f94                mpu6050Detect
                0x080053f4                mpu6050DmpLoop
                0x08005400                mpu6050DmpResetFifo
 .text          0x0800540c      0x594 ./src/drv_ms5611.o
                0x0800540c                ms5611Detect
 .text          0x080059a0      0xc24 ./src/drv_pwm.o
                0x08005ed4                TIM1_CC_IRQHandler
                0x080060b4                TIM2_IRQHandler
                0x080060c8                TIM3_IRQHandler
                0x080060dc                TIM4_IRQHandler
                0x0800631c                pwmInit
                0x08006530                pwmWriteMotor
                0x08006568                pwmWriteServo
                0x080065a0                pwmRead
 .text          0x080065c4      0x39c ./src/drv_system.o
                0x080066a0                SysTick_Handler
                0x080066bc                micros
                0x08006700                millis
                0x08006714                systemInit
                0x08006864                delayMicroseconds
                0x0800688c                delay
                0x080068c0                failureMode
                0x08006928                systemReset
 .text          0x08006960      0x5c4 ./src/drv_uart.o
                0x080069c4                DMA1_Channel4_IRQHandler
                0x080069f8                uartInit
                0x08006b9c                uartAvailable
                0x08006bc4                uartTransmitEmpty
                0x08006bec                uartRead
                0x08006c34                uartReadPoll
                0x08006c50                uartWrite
                0x08006c98                uartPrint
                0x08006d2c                uart2Init
                0x08006dfc                uart2ChangeBaud
                0x08006e14                uart2Write
                0x08006e6c                uart2TransmitEmpty
                0x08006e94                USART2_IRQHandler
 *fill*         0x08006f24        0x4 
 .text          0x08006f28     0x1fe0 ./src/gps.o
                0x08006f28                navigatron2Init
                0x08006f6c                gpsInit
                0x08007168                leadFilter_clear
                0x08007184                leadFilter_getPosition
                0x08007450                GPS_NewData
                0x08007854                GPS_reset_home_position
                0x080078ac                GPS_reset_nav
                0x08007af0                GPS_set_next_wp
                0x08008378                wrap_18000
                0x080083fc                GPS_coord_to_degrees
                0x08008a94                _update_checksum
 .text          0x08008f08     0x1360 ./src/imu.o
                0x08008f08                imuInit
                0x08008f84                computeIMU
                0x08009214                rotateV
                0x08009b10                applyDeadband16
                0x08009b70                applyDeadbandFloat
                0x08009c14                InvSqrt
                0x08009c80                isq
                0x08009c9c                getEstimatedAltitude
 .text          0x0800a268      0x2e4 ./src/main.o
                0x0800a284                main
                0x0800a530                HardFault_Handler
 .text          0x0800a54c      0xd04 ./src/mixer.o
                0x0800a54c                mixerInit
                0x0800a670                mixerLoadMix
                0x0800a718                writeServos
                0x0800a810                writeMotors
                0x0800a854                writeAllMotors
                0x0800a8a4                mixTable
 .text          0x0800b250     0x1f58 ./src/mw.o
                0x0800b250                blinkLED
                0x0800b2d0                annexCode
                0x0800b9ac                pwmReadRawRC
                0x0800b9f8                computeRC
                0x0800bbc4                loop
 .text          0x0800d1a8      0x6c4 ./src/printf.o
                0x0800d520                tfp_format
                0x0800d790                init_printf
                0x0800d7b8                tfp_printf
                0x0800d82c                tfp_sprintf
 .text          0x0800d86c      0xf74 ./src/sensors.o
                0x0800d86c                sensorsAutodetect
                0x0800da9c                batteryAdcToVoltage
                0x0800db00                batteryInit
                0x0800dfa8                ACC_getADC
                0x0800dfe4                Baro_Common
                0x0800e060                Baro_update
                0x0800e490                Gyro_getADC
                0x0800e4e8                Mag_init
                0x0800e518                Mag_getADC
                0x0800e7ac                Sonar_init
                0x0800e7d0                Sonar_update
 .text          0x0800e7e0     0x145c ./src/serial.o
                0x0800e7e0                serialize32
                0x0800e88c                serialize16
                0x0800e8f4                serialize8
                0x0800e920                read8
                0x0800e94c                read16
                0x0800e978                read32
                0x0800e9a4                headSerialResponse
                0x0800ea04                headSerialReply
                0x0800ea24                headSerialError
                0x0800ea44                tailSerialReply
                0x0800ea58                serializeNames
                0x0800ea88                serializeBoxNamesReply
                0x0800eb80                serialInit
                0x0800fa64                serialCom
 .text          0x0800fc3c      0x208 ./src/spektrum.o
                0x0800fc3c                spektrumInit
                0x0800fd24                spektrumFrameComplete
                0x0800fd38                spektrumReadRawRC
 .text          0x0800fe44      0x62c ./src/telemetry.o
                0x08010378                initTelemetry
                0x080103c0                sendTelemetry
 .text          0x08010470      0x19c ./lib/STM32F10x_StdPeriph_Driver/src/misc.o
                0x08010470                NVIC_PriorityGroupConfig
                0x08010494                NVIC_Init
                0x08010568                NVIC_SetVectorTable
                0x08010594                NVIC_SystemLPConfig
                0x080105d4                SysTick_CLKSourceConfig
 .text          0x0801060c      0xb00 ./lib/STM32F10x_StdPeriph_Driver/src/stm32f10x_adc.o
                0x0801060c                ADC_DeInit
                0x0801068c                ADC_Init
                0x0801073c                ADC_StructInit
                0x08010780                ADC_Cmd
                0x080107b8                ADC_DMACmd
                0x080107f0                ADC_ITConfig
                0x08010838                ADC_ResetCalibration
                0x08010858                ADC_GetResetCalibrationStatus
                0x08010890                ADC_StartCalibration
                0x080108b0                ADC_GetCalibrationStatus
                0x080108e8                ADC_SoftwareStartConvCmd
                0x08010920                ADC_GetSoftwareStartConvStatus
                0x08010958                ADC_DiscModeChannelCountConfig
                0x080109a4                ADC_DiscModeCmd
                0x080109dc                ADC_RegularChannelConfig
                0x08010b98                ADC_ExternalTrigConvCmd
                0x08010bd0                ADC_GetConversionValue
                0x08010bec                ADC_GetDualModeConversionValue
                0x08010c00                ADC_AutoInjectedConvCmd
                0x08010c38                ADC_InjectedDiscModeCmd
                0x08010c70                ADC_ExternalTrigInjectedConvConfig
                0x08010ca8                ADC_ExternalTrigInjectedConvCmd
                0x08010ce0                ADC_SoftwareStartInjectedConvCmd
                0x08010d18                ADC_GetSoftwareStartInjectedConvCmdStatus
                0x08010d50                ADC_InjectedChannelConfig
                0x08010e94                ADC_InjectedSequencerLengthConfig
                0x08010ee0                ADC_SetInjectedOffset
                0x08010f14                ADC_GetInjectedConversionValue
                0x08010f48                ADC_AnalogWatchdogCmd
                0x08010f84                ADC_AnalogWatchdogThresholdsConfig
                0x08010fac                ADC_AnalogWatchdogSingleChannelConfig
                0x08010fe4                ADC_TempSensorVrefintCmd
                0x0801101c                ADC_GetFlagStatus
                0x08011058                ADC_ClearFlag
                0x08011078                ADC_GetITStatus
                0x080110dc                ADC_ClearITPendingBit
 .text          0x0801110c      0x438 ./lib/STM32F10x_StdPeriph_Driver/src/stm32f10x_dma.o
                0x0801110c                DMA_DeInit
                0x0801128c                DMA_Init
                0x0801130c                DMA_StructInit
                0x08011378                DMA_Cmd
                0x080113b0                DMA_ITConfig
                0x080113ec                DMA_SetCurrDataCounter
                0x08011408                DMA_GetCurrDataCounter
                0x08011424                DMA_GetFlagStatus
                0x08011480                DMA_ClearFlag
                0x080114b4                DMA_GetITStatus
                0x08011510                DMA_ClearITPendingBit
 .text          0x08011544      0x23c ./lib/STM32F10x_StdPeriph_Driver/src/stm32f10x_exti.o
                0x08011544                EXTI_DeInit
                0x0801157c                EXTI_Init
                0x08011664                EXTI_StructInit
                0x08011698                EXTI_GenerateSWInterrupt
                0x080116bc                EXTI_GetFlagStatus
                0x080116f8                EXTI_ClearFlag
                0x08011714                EXTI_GetITStatus
                0x08011764                EXTI_ClearITPendingBit
 .text          0x08011780      0x9d8 ./lib/STM32F10x_StdPeriph_Driver/src/stm32f10x_flash.o
                0x08011780                FLASH_SetLatency
                0x080117b8                FLASH_HalfCycleAccessCmd
                0x080117e8                FLASH_PrefetchBufferCmd
                0x08011818                FLASH_Unlock
                0x0801183c                FLASH_UnlockBank1
                0x08011860                FLASH_Lock
                0x0801187c                FLASH_LockBank1
                0x08011898                FLASH_ErasePage
                0x08011900                FLASH_EraseAllPages
                0x08011960                FLASH_EraseAllBank1Pages
                0x080119c0                FLASH_EraseOptionBytes
                0x08011a9c                FLASH_ProgramWord
                0x08011b38                FLASH_ProgramHalfWord
                0x08011b98                FLASH_ProgramOptionByteData
                0x08011c14                FLASH_EnableWriteProtection
                0x08011d38                FLASH_ReadOutProtection
                0x08011e14                FLASH_UserOptionByteConfig
                0x08011eac                FLASH_GetUserOptionByte
                0x08011ec4                FLASH_GetWriteProtectionOptionByte
                0x08011ed8                FLASH_GetReadOutProtectionStatus
                0x08011f10                FLASH_GetPrefetchBufferStatus
                0x08011f48                FLASH_ITConfig
                0x08011f88                FLASH_GetFlagStatus
                0x08011fe4                FLASH_ClearFlag
                0x08012000                FLASH_GetStatus
                0x08012060                FLASH_GetBank1Status
                0x080120c0                FLASH_WaitForLastOperation
                0x0801210c                FLASH_WaitForLastBank1Operation
 .text          0x08012158      0x6ac ./lib/STM32F10x_StdPeriph_Driver/src/stm32f10x_gpio.o
                0x08012158                GPIO_DeInit
                0x08012270                GPIO_AFIODeInit
                0x08012290                GPIO_Init
                0x08012440                GPIO_StructInit
                0x0801246c                GPIO_ReadInputDataBit
                0x080124a8                GPIO_ReadInputData
                0x080124c4                GPIO_ReadOutputDataBit
                0x08012500                GPIO_ReadOutputData
                0x0801251c                GPIO_SetBits
                0x08012538                GPIO_ResetBits
                0x08012554                GPIO_WriteBit
                0x08012584                GPIO_Write
                0x080125a0                GPIO_PinLockConfig
                0x080125e4                GPIO_EventOutputConfig
                0x08012630                GPIO_EventOutputCmd
                0x08012650                GPIO_PinRemapConfig
                0x08012750                GPIO_EXTILineConfig
                0x080127e8                GPIO_ETH_MediaInterfaceConfig
 .text          0x08012804      0x9d0 ./lib/STM32F10x_StdPeriph_Driver/src/stm32f10x_i2c.o
                0x08012804                I2C_DeInit
                0x08012854                I2C_Init
                0x080129f8                I2C_StructInit
                0x08012a3c                I2C_Cmd
                0x08012a7c                I2C_DMACmd
                0x08012abc                I2C_DMALastTransferCmd
                0x08012afc                I2C_GenerateSTART
                0x08012b3c                I2C_GenerateSTOP
                0x08012b7c                I2C_AcknowledgeConfig
                0x08012bbc                I2C_OwnAddress2Config
                0x08012c00                I2C_DualAddressCmd
                0x08012c40                I2C_GeneralCallCmd
                0x08012c80                I2C_ITConfig
                0x08012cc8                I2C_SendData
                0x08012ce8                I2C_ReceiveData
                0x08012d04                I2C_Send7bitAddress
                0x08012d40                I2C_ReadRegister
                0x08012d70                I2C_SoftwareResetCmd
                0x08012db8                I2C_NACKPositionConfig
                0x08012df8                I2C_SMBusAlertConfig
                0x08012e38                I2C_TransmitPEC
                0x08012e78                I2C_PECPositionConfig
                0x08012eb8                I2C_CalculatePEC
                0x08012ef8                I2C_GetPEC
                0x08012f1c                I2C_ARPCmd
                0x08012f5c                I2C_StretchClockCmd
                0x08012f9c                I2C_FastModeDutyCycleConfig
                0x08012fdc                I2C_CheckEvent
                0x0801304c                I2C_GetLastEvent
                0x08013098                I2C_GetFlagStatus
                0x08013110                I2C_ClearFlag
                0x08013140                I2C_GetITStatus
                0x080131a4                I2C_ClearITPendingBit
 .text          0x080131d4      0x840 ./lib/STM32F10x_StdPeriph_Driver/src/stm32f10x_rcc.o
                0x080131d4                RCC_DeInit
                0x08013230                RCC_HSEConfig
                0x0801328c                RCC_WaitForHSEStartUp
                0x080132f0                RCC_AdjustHSICalibrationValue
                0x08013330                RCC_HSICmd
                0x08013350                RCC_PLLConfig
                0x08013390                RCC_PLLCmd
                0x080133b0                RCC_SYSCLKConfig
                0x080133e8                RCC_GetSYSCLKSource
                0x08013404                RCC_HCLKConfig
                0x0801343c                RCC_PCLK1Config
                0x08013474                RCC_PCLK2Config
                0x080134b0                RCC_ITConfig
                0x080134fc                RCC_USBCLKConfig
                0x08013518                RCC_ADCCLKConfig
                0x08013550                RCC_LSEConfig
                0x0801359c                RCC_LSICmd
                0x080135bc                RCC_RTCCLKConfig
                0x080135e0                RCC_RTCCLKCmd
                0x08013600                RCC_GetClocksFreq
                0x0801377c                RCC_AHBPeriphClockCmd
                0x080137bc                RCC_APB2PeriphClockCmd
                0x080137fc                RCC_APB1PeriphClockCmd
                0x0801383c                RCC_APB2PeriphResetCmd
                0x0801387c                RCC_APB1PeriphResetCmd
                0x080138bc                RCC_BackupResetCmd
                0x080138dc                RCC_ClockSecuritySystemCmd
                0x080138fc                RCC_MCOConfig
                0x0801391c                RCC_GetFlagStatus
                0x0801399c                RCC_ClearFlag
                0x080139b8                RCC_GetITStatus
                0x080139f4                RCC_ClearITPendingBit
 .text          0x08013a14     0x1f4c ./lib/STM32F10x_StdPeriph_Driver/src/stm32f10x_tim.o
                0x08013a14                TIM_DeInit
                0x08013ca4                TIM_TimeBaseInit
                0x08013da0                TIM_OC1Init
                0x08013ebc                TIM_OC2Init
                0x08013fe0                TIM_OC3Init
                0x080140fc                TIM_OC4Init
                0x080141d8                TIM_ICInit
                0x08014280                TIM_PWMIConfig
                0x08014344                TIM_BDTRConfig
                0x08014394                TIM_TimeBaseStructInit
                0x080143d0                TIM_OCStructInit
                0x08014424                TIM_ICStructInit
                0x08014460                TIM_BDTRStructInit
                0x080144ac                TIM_Cmd
                0x080144ec                TIM_CtrlPWMOutputs
                0x0801453c                TIM_ITConfig
                0x08014584                TIM_GenerateEvent
                0x080145a0                TIM_DMAConfig
                0x080145c8                TIM_DMACmd
                0x08014610                TIM_InternalClockConfig
                0x08014634                TIM_ITRxExternalClockConfig
                0x08014664                TIM_TIxExternalClockConfig
                0x080146bc                TIM_ETRClockMode1Config
                0x08014710                TIM_ETRClockMode2Config
                0x08014744                TIM_ETRConfig
                0x08014790                TIM_PrescalerConfig
                0x080147b8                TIM_CounterModeConfig
                0x080147f0                TIM_SelectInputTrigger
                0x08014828                TIM_EncoderInterfaceConfig
                0x080148bc                TIM_ForcedOC1Config
                0x080148f4                TIM_ForcedOC2Config
                0x08014934                TIM_ForcedOC3Config
                0x0801496c                TIM_ForcedOC4Config
                0x080149ac                TIM_ARRPreloadConfig
                0x080149ec                TIM_SelectCOM
                0x08014a2c                TIM_SelectCCDMA
                0x08014a6c                TIM_CCPreloadControl
                0x08014aac                TIM_OC1PreloadConfig
                0x08014ae4                TIM_OC2PreloadConfig
                0x08014b24                TIM_OC3PreloadConfig
                0x08014b5c                TIM_OC4PreloadConfig
                0x08014b9c                TIM_OC1FastConfig
                0x08014bd4                TIM_OC2FastConfig
                0x08014c14                TIM_OC3FastConfig
                0x08014c4c                TIM_OC4FastConfig
                0x08014c8c                TIM_ClearOC1Ref
                0x08014cc4                TIM_ClearOC2Ref
                0x08014d08                TIM_ClearOC3Ref
                0x08014d40                TIM_ClearOC4Ref
                0x08014d84                TIM_OC1PolarityConfig
                0x08014dbc                TIM_OC1NPolarityConfig
                0x08014df4                TIM_OC2PolarityConfig
                0x08014e34                TIM_OC2NPolarityConfig
                0x08014e74                TIM_OC3PolarityConfig
                0x08014eb4                TIM_OC3NPolarityConfig
                0x08014ef4                TIM_OC4PolarityConfig
                0x08014f34                TIM_CCxCmd
                0x08014f90                TIM_CCxNCmd
                0x08014fec                TIM_SelectOCxM
                0x080150a8                TIM_UpdateDisableConfig
                0x080150e8                TIM_UpdateRequestConfig
                0x08015128                TIM_SelectHallSensor
                0x08015168                TIM_SelectOnePulseMode
                0x080151a0                TIM_SelectOutputTrigger
                0x080151d8                TIM_SelectSlaveMode
                0x08015210                TIM_SelectMasterSlaveMode
                0x08015248                TIM_SetCounter
                0x08015264                TIM_SetAutoreload
                0x08015280                TIM_SetCompare1
                0x0801529c                TIM_SetCompare2
                0x080152b8                TIM_SetCompare3
                0x080152d4                TIM_SetCompare4
                0x080152f4                TIM_SetIC1Prescaler
                0x0801532c                TIM_SetIC2Prescaler
                0x08015368                TIM_SetIC3Prescaler
                0x080153a0                TIM_SetIC4Prescaler
                0x080153dc                TIM_SetClockDivision
                0x08015414                TIM_GetCapture1
                0x08015430                TIM_GetCapture2
                0x0801544c                TIM_GetCapture3
                0x08015468                TIM_GetCapture4
                0x08015484                TIM_GetCounter
                0x080154a0                TIM_GetPrescaler
                0x080154bc                TIM_GetFlagStatus
                0x080154fc                TIM_ClearFlag
                0x08015520                TIM_GetITStatus
                0x08015580                TIM_ClearITPendingBit
 .text          0x08015960      0x99c ./lib/STM32F10x_StdPeriph_Driver/src/stm32f10x_usart.o
                0x08015960                USART_DeInit
                0x08015a2c                USART_Init
                0x08015bc8                USART_StructInit
                0x08015c0c                USART_ClockInit
                0x08015c64                USART_ClockStructInit
                0x08015c98                USART_Cmd
                0x08015cd8                USART_ITConfig
                0x08015d7c                USART_DMACmd
                0x08015dc4                USART_SetAddress
                0x08015dfc                USART_WakeUpConfig
                0x08015e34                USART_ReceiverWakeUpCmd
                0x08015e74                USART_LINBreakDetectLengthConfig
                0x08015eac                USART_LINCmd
                0x08015eec                USART_SendData
                0x08015f14                USART_ReceiveData
                0x08015f38                USART_SendBreak
                0x08015f5c                USART_SetGuardTime
                0x08015f98                USART_SetPrescaler
                0x08015fd0                USART_SmartCardCmd
                0x08016010                USART_SmartCardNACKCmd
                0x08016050                USART_HalfDuplexCmd
                0x08016090                USART_OverSampling8Cmd
                0x080160d8                USART_OneBitMethodCmd
                0x08016118                USART_IrDAConfig
                0x08016150                USART_IrDACmd
                0x08016190                USART_GetFlagStatus
                0x080161d0                USART_ClearFlag
                0x080161f4                USART_GetITStatus
                0x080162b8                USART_ClearITPendingBit
 .text          0x080162fc      0x334 ./lib/CMSIS/CM3/DeviceSupport/ST/STM32F10x/system_stm32f10x.o
                0x080162fc                SystemInit
                0x08016364                SystemCoreClockUpdate
 .text          0x08016630       0x6c /home/oni/ARM_EABI/bin/../lib/gcc/arm-none-eabi/4.7.2/../../../../arm-none-eabi/lib/thumb2/libm.a(lib_a-sf_cos.o)
                0x08016630                cosf
 .text          0x0801669c       0x78 /home/oni/ARM_EABI/bin/../lib/gcc/arm-none-eabi/4.7.2/../../../../arm-none-eabi/lib/thumb2/libm.a(lib_a-sf_sin.o)
                0x0801669c                sinf
 .text          0x08016714       0xe8 /home/oni/ARM_EABI/bin/../lib/gcc/arm-none-eabi/4.7.2/../../../../arm-none-eabi/lib/thumb2/libm.a(lib_a-w_log.o)
                0x08016714                log
 .text          0x080167fc       0xa4 /home/oni/ARM_EABI/bin/../lib/gcc/arm-none-eabi/4.7.2/../../../../arm-none-eabi/lib/thumb2/libm.a(lib_a-wf_asin.o)
                0x080167fc                asinf
 .text          0x080168a0        0x4 /home/oni/ARM_EABI/bin/../lib/gcc/arm-none-eabi/4.7.2/../../../../arm-none-eabi/lib/thumb2/libm.a(lib_a-wf_atan2.o)
                0x080168a0                atan2f
 .text          0x080168a4       0xa0 /home/oni/ARM_EABI/bin/../lib/gcc/arm-none-eabi/4.7.2/../../../../arm-none-eabi/lib/thumb2/libm.a(lib_a-wf_sqrt.o)
                0x080168a4                sqrtf
 *fill*         0x08016944        0x4 
 .text          0x08016948      0x3f0 /home/oni/ARM_EABI/bin/../lib/gcc/arm-none-eabi/4.7.2/../../../../arm-none-eabi/lib/thumb2/libm.a(lib_a-e_log.o)
                0x08016948                __ieee754_log
 .text          0x08016d38      0x318 /home/oni/ARM_EABI/bin/../lib/gcc/arm-none-eabi/4.7.2/../../../../arm-none-eabi/lib/thumb2/libm.a(lib_a-ef_asin.o)
                0x08016d38                __ieee754_asinf
 .text          0x08017050      0x14c /home/oni/ARM_EABI/bin/../lib/gcc/arm-none-eabi/4.7.2/../../../../arm-none-eabi/lib/thumb2/libm.a(lib_a-ef_atan2.o)
                0x08017050                __ieee754_atan2f
 .text          0x0801719c      0x34c /home/oni/ARM_EABI/bin/../lib/gcc/arm-none-eabi/4.7.2/../../../../arm-none-eabi/lib/thumb2/libm.a(lib_a-ef_rem_pio2.o)
                0x0801719c                __ieee754_rem_pio2f
 .text          0x080174e8       0xa8 /home/oni/ARM_EABI/bin/../lib/gcc/arm-none-eabi/4.7.2/../../../../arm-none-eabi/lib/thumb2/libm.a(lib_a-ef_sqrt.o)
                0x080174e8                __ieee754_sqrtf
 .text          0x08017590      0x1b8 /home/oni/ARM_EABI/bin/../lib/gcc/arm-none-eabi/4.7.2/../../../../arm-none-eabi/lib/thumb2/libm.a(lib_a-kf_cos.o)
                0x08017590                __kernel_cosf
 .text          0x08017748      0x658 /home/oni/ARM_EABI/bin/../lib/gcc/arm-none-eabi/4.7.2/../../../../arm-none-eabi/lib/thumb2/libm.a(lib_a-kf_rem_pio2.o)
                0x08017748                __kernel_rem_pio2f
 .text          0x08017da0      0x100 /home/oni/ARM_EABI/bin/../lib/gcc/arm-none-eabi/4.7.2/../../../../arm-none-eabi/lib/thumb2/libm.a(lib_a-kf_sin.o)
                0x08017da0                __kernel_sinf
 .text          0x08017ea0       0x50 /home/oni/ARM_EABI/bin/../lib/gcc/arm-none-eabi/4.7.2/../../../../arm-none-eabi/lib/thumb2/libm.a(lib_a-s_fpclassify.o)
                0x08017ea0                __fpclassifyd
 .text          0x08017ef0        0x4 /home/oni/ARM_EABI/bin/../lib/gcc/arm-none-eabi/4.7.2/../../../../arm-none-eabi/lib/thumb2/libm.a(lib_a-s_matherr.o)
                0x08017ef0                matherr
 .text          0x08017ef4        0xc /home/oni/ARM_EABI/bin/../lib/gcc/arm-none-eabi/4.7.2/../../../../arm-none-eabi/lib/thumb2/libm.a(lib_a-s_nan.o)
                0x08017ef4                nan
 .text          0x08017f00      0x23c /home/oni/ARM_EABI/bin/../lib/gcc/arm-none-eabi/4.7.2/../../../../arm-none-eabi/lib/thumb2/libm.a(lib_a-sf_atan.o)
                0x08017f00                atanf
 .text          0x0801813c        0x8 /home/oni/ARM_EABI/bin/../lib/gcc/arm-none-eabi/4.7.2/../../../../arm-none-eabi/lib/thumb2/libm.a(lib_a-sf_fabs.o)
                0x0801813c                fabsf
 .text          0x08018144       0x90 /home/oni/ARM_EABI/bin/../lib/gcc/arm-none-eabi/4.7.2/../../../../arm-none-eabi/lib/thumb2/libm.a(lib_a-sf_floor.o)
                0x08018144                floorf
 .text          0x080181d4       0x34 /home/oni/ARM_EABI/bin/../lib/gcc/arm-none-eabi/4.7.2/../../../../arm-none-eabi/lib/thumb2/libm.a(lib_a-sf_fpclassify.o)
                0x080181d4                __fpclassifyf
 .text          0x08018208       0xc4 /home/oni/ARM_EABI/bin/../lib/gcc/arm-none-eabi/4.7.2/../../../../arm-none-eabi/lib/thumb2/libm.a(lib_a-sf_scalbn.o)
                0x08018208                scalbnf
 .text          0x080182cc        0xc /home/oni/ARM_EABI/bin/../lib/gcc/arm-none-eabi/4.7.2/../../../../arm-none-eabi/lib/thumb2/libm.a(lib_a-sf_copysign.o)
                0x080182cc                copysignf
 .text          0x080182d8      0x370 /home/oni/ARM_EABI/bin/../lib/gcc/arm-none-eabi/4.7.2/thumb2/libgcc.a(_arm_addsubdf3.o)
                0x080182d8                __aeabi_drsub
                0x080182e0                __aeabi_dsub
                0x080182e0                __subdf3
                0x080182e4                __adddf3
                0x080182e4                __aeabi_dadd
                0x0801855c                __aeabi_ui2d
                0x0801855c                __floatunsidf
                0x0801857c                __floatsidf
                0x0801857c                __aeabi_i2d
                0x080185a0                __extendsfdf2
                0x080185a0                __aeabi_f2d
                0x080185dc                __aeabi_ul2d
                0x080185dc                __floatundidf
                0x080185ec                __floatdidf
                0x080185ec                __aeabi_l2d
 .text          0x08018648      0x424 /home/oni/ARM_EABI/bin/../lib/gcc/arm-none-eabi/4.7.2/thumb2/libgcc.a(_arm_muldivdf3.o)
                0x08018648                __aeabi_dmul
                0x08018648                __muldf3
                0x0801889c                __aeabi_ddiv
                0x0801889c                __divdf3
 .text          0x08018a6c      0x110 /home/oni/ARM_EABI/bin/../lib/gcc/arm-none-eabi/4.7.2/thumb2/libgcc.a(_arm_cmpdf2.o)
                0x08018a6c                __gtdf2
                0x08018a6c                __gedf2
                0x08018a74                __ltdf2
                0x08018a74                __ledf2
                0x08018a7c                __cmpdf2
                0x08018a7c                __eqdf2
                0x08018a7c                __nedf2
                0x08018af8                __aeabi_cdrcmple
                0x08018b08                __aeabi_cdcmple
                0x08018b08                __aeabi_cdcmpeq
                0x08018b18                __aeabi_dcmpeq
                0x08018b2c                __aeabi_dcmplt
                0x08018b40                __aeabi_dcmple
                0x08018b54                __aeabi_dcmpge
                0x08018b68                __aeabi_dcmpgt
 .text          0x08018b7c       0x50 /home/oni/ARM_EABI/bin/../lib/gcc/arm-none-eabi/4.7.2/thumb2/libgcc.a(_arm_fixdfsi.o)
                0x08018b7c                __fixdfsi
                0x08018b7c                __aeabi_d2iz
 .text          0x08018bcc       0xa0 /home/oni/ARM_EABI/bin/../lib/gcc/arm-none-eabi/4.7.2/thumb2/libgcc.a(_arm_truncdfsf2.o)
                0x08018bcc                __aeabi_d2f
                0x08018bcc                __truncdfsf2
 .text          0x08018c6c      0x21c /home/oni/ARM_EABI/bin/../lib/gcc/arm-none-eabi/4.7.2/thumb2/libgcc.a(_arm_addsubsf3.o)
                0x08018c6c                __aeabi_frsub
                0x08018c74                __subsf3
                0x08018c74                __aeabi_fsub
                0x08018c78                __aeabi_fadd
                0x08018c78                __addsf3
                0x08018dd8                __aeabi_ui2f
                0x08018dd8                __floatunsisf
                0x08018de0                __aeabi_i2f
                0x08018de0                __floatsisf
                0x08018dfc                __floatundisf
                0x08018dfc                __aeabi_ul2f
                0x08018e0c                __floatdisf
                0x08018e0c                __aeabi_l2f
 .text          0x08018e88      0x2a0 /home/oni/ARM_EABI/bin/../lib/gcc/arm-none-eabi/4.7.2/thumb2/libgcc.a(_arm_muldivsf3.o)
                0x08018e88                __mulsf3
                0x08018e88                __aeabi_fmul
                0x08018ff0                __divsf3
                0x08018ff0                __aeabi_fdiv
 .text          0x08019128       0xec /home/oni/ARM_EABI/bin/../lib/gcc/arm-none-eabi/4.7.2/thumb2/libgcc.a(_arm_cmpsf2.o)
                0x08019128                __gtsf2
                0x08019128                __gesf2
                0x08019130                __lesf2
                0x08019130                __ltsf2
                0x08019138                __nesf2
                0x08019138                __eqsf2
                0x08019138                __cmpsf2
                0x08019198                __aeabi_cfrcmple
                0x080191a0                __aeabi_cfcmple
                0x080191a0                __aeabi_cfcmpeq
                0x080191b0                __aeabi_fcmpeq
                0x080191c4                __aeabi_fcmplt
                0x080191d8                __aeabi_fcmple
                0x080191ec                __aeabi_fcmpge
                0x08019200                __aeabi_fcmpgt
 .text          0x08019214       0x4c /home/oni/ARM_EABI/bin/../lib/gcc/arm-none-eabi/4.7.2/thumb2/libgcc.a(_arm_fixsfsi.o)
                0x08019214                __fixsfsi
                0x08019214                __aeabi_f2iz
 .text          0x08019260       0x40 /home/oni/ARM_EABI/bin/../lib/gcc/arm-none-eabi/4.7.2/thumb2/libgcc.a(_arm_fixunssfsi.o)
                0x08019260                __aeabi_f2uiz
                0x08019260                __fixunssfsi
 .text          0x080192a0       0x10 /home/oni/ARM_EABI/bin/../lib/gcc/arm-none-eabi/4.7.2/../../../../arm-none-eabi/lib/thumb2/libc.a(lib_a-atoi.o)
                0x080192a0                atoi
                0x080192a8                _atoi_r
 .text          0x080192b0       0x4c /home/oni/ARM_EABI/bin/../lib/gcc/arm-none-eabi/4.7.2/../../../../arm-none-eabi/lib/thumb2/libc.a(lib_a-bsearch.o)
                0x080192b0                bsearch
 .text          0x080192fc        0xc /home/oni/ARM_EABI/bin/../lib/gcc/arm-none-eabi/4.7.2/../../../../arm-none-eabi/lib/thumb2/libc.a(lib_a-errno.o)
                0x080192fc                __errno
 .text          0x08019308       0x58 /home/oni/ARM_EABI/bin/../lib/gcc/arm-none-eabi/4.7.2/../../../../arm-none-eabi/lib/thumb2/libc.a(lib_a-init.o)
                0x08019308                __libc_init_array
 .text          0x08019360      0x174 /home/oni/ARM_EABI/bin/../lib/gcc/arm-none-eabi/4.7.2/../../../../arm-none-eabi/lib/thumb2/libc.a(lib_a-memcpy.o)
                0x08019360                memcpy
 .text          0x080194d4       0xcc /home/oni/ARM_EABI/bin/../lib/gcc/arm-none-eabi/4.7.2/../../../../arm-none-eabi/lib/thumb2/libc.a(lib_a-memset.o)
                0x080194d4                memset
 .text          0x080195a0       0x4c /home/oni/ARM_EABI/bin/../lib/gcc/arm-none-eabi/4.7.2/../../../../arm-none-eabi/lib/thumb2/libc.a(lib_a-strcat.o)
                0x080195a0                strcat
 .text          0x080195ec      0x100 /home/oni/ARM_EABI/bin/../lib/gcc/arm-none-eabi/4.7.2/../../../../arm-none-eabi/lib/thumb2/libc.a(lib_a-strchr.o)
                0x080195ec                strchr
 .text          0x080196ec       0xbc /home/oni/ARM_EABI/bin/../lib/gcc/arm-none-eabi/4.7.2/../../../../arm-none-eabi/lib/thumb2/libc.a(lib_a-strcpy.o)
                0x080196ec                strcpy
 .text          0x080197a8       0x60 /home/oni/ARM_EABI/bin/../lib/gcc/arm-none-eabi/4.7.2/../../../../arm-none-eabi/lib/thumb2/libc.a(lib_a-strlen.o)
                0x080197a8                strlen
 .text          0x08019808       0x54 /home/oni/ARM_EABI/bin/../lib/gcc/arm-none-eabi/4.7.2/../../../../arm-none-eabi/lib/thumb2/libc.a(lib_a-strncasecmp.o)
                0x08019808                strncasecmp
 .text          0x0801985c       0x64 /home/oni/ARM_EABI/bin/../lib/gcc/arm-none-eabi/4.7.2/../../../../arm-none-eabi/lib/thumb2/libc.a(lib_a-strncpy.o)
                0x0801985c                strncpy
 .text          0x080198c0      0x160 /home/oni/ARM_EABI/bin/../lib/gcc/arm-none-eabi/4.7.2/../../../../arm-none-eabi/lib/thumb2/libc.a(lib_a-strtol.o)
                0x080198c0                _strtol_r
                0x08019a04                strtol
 .text          0x08019a20      0x278 /home/oni/ARM_EABI/bin/../lib/gcc/arm-none-eabi/4.7.2/thumb2/libgcc.a(_udivsi3.o)
                0x08019a20                __udivsi3
                0x08019a20                __aeabi_uidiv
                0x08019c7c                __aeabi_uidivmod
 .text          0x08019c98        0x4 /home/oni/ARM_EABI/bin/../lib/gcc/arm-none-eabi/4.7.2/thumb2/libgcc.a(_dvmd_tls.o)
                0x08019c98                __aeabi_ldiv0
                0x08019c98                __aeabi_idiv0
 *(.text*)
 .text.Reset_Handler
                0x08019c9c       0xb0 ./src/baseflight_startups/startup_stm32f10x_md_gcc.o
                0x08019c9c                Reset_Handler
 .text.Default_Handler
                0x08019d4c        0x4 ./src/baseflight_startups/startup_stm32f10x_md_gcc.o
                0x08019d4c                EXTI2_IRQHandler
                0x08019d4c                DebugMon_Handler
                0x08019d4c                PVD_IRQHandler
                0x08019d4c                PendSV_Handler
                0x08019d4c                NMI_Handler
                0x08019d4c                EXTI3_IRQHandler
                0x08019d4c                EXTI0_IRQHandler
                0x08019d4c                UsageFault_Handler
                0x08019d4c                ADC1_2_IRQHandler
                0x08019d4c                SPI1_IRQHandler
                0x08019d4c                TAMPER_IRQHandler
                0x08019d4c                USART3_IRQHandler
                0x08019d4c                RTC_IRQHandler
                0x08019d4c                DMA1_Channel7_IRQHandler
                0x08019d4c                CAN1_RX1_IRQHandler
                0x08019d4c                DMA1_Channel6_IRQHandler
                0x08019d4c                RCC_IRQHandler
                0x08019d4c                TIM1_TRG_COM_IRQHandler
                0x08019d4c                DMA1_Channel1_IRQHandler
                0x08019d4c                Default_Handler
                0x08019d4c                SPI2_IRQHandler
                0x08019d4c                MemManage_Handler
                0x08019d4c                SVC_Handler
                0x08019d4c                DMA1_Channel5_IRQHandler
                0x08019d4c                EXTI4_IRQHandler
                0x08019d4c                USB_LP_CAN1_RX0_IRQHandler
                0x08019d4c                USB_HP_CAN1_TX_IRQHandler
                0x08019d4c                DMA1_Channel3_IRQHandler
                0x08019d4c                TIM1_UP_IRQHandler
                0x08019d4c                WWDG_IRQHandler
                0x08019d4c                TIM1_BRK_IRQHandler
                0x08019d4c                RTCAlarm_IRQHandler
                0x08019d4c                DMA1_Channel2_IRQHandler
                0x08019d4c                CAN1_SCE_IRQHandler
                0x08019d4c                FLASH_IRQHandler
                0x08019d4c                BusFault_Handler
                0x08019d4c                USART1_IRQHandler
                0x08019d4c                USBWakeUp_IRQHandler
 *(.rodata)
 .rodata        0x08019d50     0x1794 ./src/cli.o
                0x08019dec                mixerNames
                0x08019ed0                featureNames
                0x08019f1c                sensorNames
                0x08019f50                accNames
                0x0801a108                cmdTable
                0x0801a768                valueTable
 .rodata        0x0801b4e4       0x24 ./src/config.o
                0x0801b4e4                rcChannelLetters
 .rodata        0x0801b508       0x38 ./src/drv_pwm.o
 .rodata        0x0801b540       0x18 ./src/drv_system.o
 .rodata        0x0801b558      0x1ec ./src/gps.o
                0x0801b558                init_speed
 .rodata        0x0801b744      0x490 ./src/mixer.o
                0x0801bb34                mixers
 .rodata        0x0801bbd4      0x1a0 ./src/serial.o
                0x0801bd30                boxids
 .rodata        0x0801bd74      0x398 /home/oni/ARM_EABI/bin/../lib/gcc/arm-none-eabi/4.7.2/../../../../arm-none-eabi/lib/thumb2/libm.a(lib_a-ef_rem_pio2.o)
 .rodata        0x0801c10c       0x38 /home/oni/ARM_EABI/bin/../lib/gcc/arm-none-eabi/4.7.2/../../../../arm-none-eabi/lib/thumb2/libm.a(lib_a-kf_rem_pio2.o)
 .rodata        0x0801c144       0x20 /home/oni/ARM_EABI/bin/../lib/gcc/arm-none-eabi/4.7.2/../../../../arm-none-eabi/lib/thumb2/libm.a(lib_a-sf_atan.o)
 .rodata        0x0801c164      0x104 /home/oni/ARM_EABI/bin/../lib/gcc/arm-none-eabi/4.7.2/../../../../arm-none-eabi/lib/thumb2/libc.a(lib_a-ctype_.o)
                0x0801c164                _ctype_
 *(.rodata*)
 .rodata.str1.4
                0x0801c268        0x5 /home/oni/ARM_EABI/bin/../lib/gcc/arm-none-eabi/4.7.2/../../../../arm-none-eabi/lib/thumb2/libm.a(lib_a-w_log.o)
                                  0x8 (size before relaxing)
 *fill*         0x0801c26d        0x3 
 .rodata.str1.4
                0x0801c270        0x6 /home/oni/ARM_EABI/bin/../lib/gcc/arm-none-eabi/4.7.2/../../../../arm-none-eabi/lib/thumb2/libm.a(lib_a-wf_asin.o)
                                  0xc (size before relaxing)
 *fill*         0x0801c276        0x2 
 .rodata.str1.4
                0x0801c278        0x6 /home/oni/ARM_EABI/bin/../lib/gcc/arm-none-eabi/4.7.2/../../../../arm-none-eabi/lib/thumb2/libm.a(lib_a-wf_sqrt.o)
                                  0x8 (size before relaxing)
 *fill*         0x0801c27e        0x2 
 .rodata.str1.4
                0x0801c280        0x4 /home/oni/ARM_EABI/bin/../lib/gcc/arm-none-eabi/4.7.2/../../../../arm-none-eabi/lib/thumb2/libc.a(lib_a-impure.o)
 *(.glue_7)
 .glue_7        0x00000000        0x0 linker stubs
 *(.glue_7t)
 .glue_7t       0x00000000        0x0 linker stubs
 *(.eh_frame)
 .eh_frame      0x0801c284        0x0 /home/oni/ARM_EABI/bin/../lib/gcc/arm-none-eabi/4.7.2/thumb2/crtbegin.o
 *(.init)
 .init          0x0801c284        0x4 /home/oni/ARM_EABI/bin/../lib/gcc/arm-none-eabi/4.7.2/thumb2/crti.o
                0x0801c284                _init
 .init          0x0801c288        0x8 /home/oni/ARM_EABI/bin/../lib/gcc/arm-none-eabi/4.7.2/thumb2/crtn.o
 *(.fini)
 .fini          0x0801c290        0x4 /home/oni/ARM_EABI/bin/../lib/gcc/arm-none-eabi/4.7.2/thumb2/crti.o
                0x0801c290                _fini
 .fini          0x0801c294        0x8 /home/oni/ARM_EABI/bin/../lib/gcc/arm-none-eabi/4.7.2/thumb2/crtn.o
                0x0801c29c                . = ALIGN (0x4)
                0x0801c29c                _etext = .

.vfp11_veneer   0x0801c29c        0x0
 .vfp11_veneer  0x00000000        0x0 linker stubs

.v4_bx          0x0801c29c        0x0
 .v4_bx         0x00000000        0x0 linker stubs

.iplt           0x0801c29c        0x0
 .iplt          0x00000000        0x0 /home/oni/ARM_EABI/bin/../lib/gcc/arm-none-eabi/4.7.2/thumb2/crtbegin.o

.rel.dyn        0x0801c29c        0x0
 .rel.iplt      0x00000000        0x0 /home/oni/ARM_EABI/bin/../lib/gcc/arm-none-eabi/4.7.2/thumb2/crtbegin.o

.ARM.extab
 *(.ARM.extab* .gnu.linkonce.armextab.*)

.ARM            0x0801c29c        0x0
                0x0801c29c                __exidx_start = .
 *(.ARM.exidx*)
                0x0801c29c                __exidx_end = .

.preinit_array  0x0801c29c        0x0
                0x0801c29c                PROVIDE (__preinit_array_start, .)
 *(.preinit_array*)
                0x0801c29c                PROVIDE (__preinit_array_end, .)

.init_array     0x0801c29c        0x4
                0x0801c29c                PROVIDE (__init_array_start, .)
 *(SORT(.init_array.*))
 *(.init_array*)
 .init_array    0x0801c29c        0x4 /home/oni/ARM_EABI/bin/../lib/gcc/arm-none-eabi/4.7.2/thumb2/crtbegin.o
                0x0801c2a0                PROVIDE (__init_array_end, .)

.fini_array     0x0801c2a0        0x4
                0x0801c2a0                PROVIDE (__fini_array_start, .)
 *(.fini_array*)
 .fini_array    0x0801c2a0        0x4 /home/oni/ARM_EABI/bin/../lib/gcc/arm-none-eabi/4.7.2/thumb2/crtbegin.o
 *(SORT(.fini_array.*))
                0x0801c2a4                PROVIDE (__fini_array_end, .)
                0x0801c2a4                _sidata = .

.data           0x20000000      0x348 load address 0x0801c2a4
                0x20000000                . = ALIGN (0x4)
                0x20000000                _sdata = .
 *(.data)
 .data          0x20000000        0x1 ./src/config.o
 .data          0x20000001        0x1 ./src/drv_mpu3050.o
 .data          0x20000002        0x1 ./src/drv_mpu6050.o
 .data          0x20000003        0x1 ./src/drv_ms5611.o
 .data          0x20000004       0xf0 ./src/drv_pwm.o
 .data          0x200000f4       0x10 ./src/mixer.o
                0x200000f4                servo
 .data          0x20000104       0x14 ./src/mw.o
                0x20000104                rcData
                0x20000114                batteryCellCount
 .data          0x20000118       0x10 ./src/sensors.o
                0x20000118                acc_1G
 .data          0x20000128       0xfc ./src/serial.o
                0x20000128                boxes
 .data          0x20000224       0x14 ./lib/STM32F10x_StdPeriph_Driver/src/stm32f10x_rcc.o
 .data          0x20000238       0x14 ./lib/CMSIS/CM3/DeviceSupport/ST/STM32F10x/system_stm32f10x.o
                0x20000238                SystemCoreClock
                0x2000023c                AHBPrescTable
 .data          0x2000024c        0x1 /home/oni/ARM_EABI/bin/../lib/gcc/arm-none-eabi/4.7.2/../../../../arm-none-eabi/lib/thumb2/libm.a(lib_a-s_lib_ver.o)
                0x2000024c                __fdlib_version
 *fill*         0x2000024d        0x3 
 .data          0x20000250        0x4 /home/oni/ARM_EABI/bin/../lib/gcc/arm-none-eabi/4.7.2/../../../../arm-none-eabi/lib/thumb2/libc.a(lib_a-ctype_.o)
                0x20000250                __ctype_ptr__
 .data          0x20000254       0xf4 /home/oni/ARM_EABI/bin/../lib/gcc/arm-none-eabi/4.7.2/../../../../arm-none-eabi/lib/thumb2/libc.a(lib_a-impure.o)
                0x20000254                _impure_ptr
 *(.data*)
                0x20000348                . = ALIGN (0x4)
                0x20000348                _edata = .

.jcr            0x20000348        0x0 load address 0x0801c5ec
 .jcr           0x20000348        0x0 /home/oni/ARM_EABI/bin/../lib/gcc/arm-none-eabi/4.7.2/thumb2/crtbegin.o

.tm_clone_table
                0x20000348        0x0 load address 0x0801c5ec
 .tm_clone_table
                0x20000348        0x0 /home/oni/ARM_EABI/bin/../lib/gcc/arm-none-eabi/4.7.2/thumb2/crtbegin.o
 .tm_clone_table
                0x20000348        0x0 /home/oni/ARM_EABI/bin/../lib/gcc/arm-none-eabi/4.7.2/thumb2/crtend.o

.igot.plt       0x20000348        0x0 load address 0x0801c5ec
 .igot.plt      0x00000000        0x0 /home/oni/ARM_EABI/bin/../lib/gcc/arm-none-eabi/4.7.2/thumb2/crtbegin.o
                0x20000348                . = ALIGN (0x4)

.bss            0x20000348     0x1008 load address 0x0801c5ec
                0x20000348                _sbss = .
                0x20000348                __bss_start__ = _sbss
 *(.bss)
 .bss           0x20000348       0x1c /home/oni/ARM_EABI/bin/../lib/gcc/arm-none-eabi/4.7.2/thumb2/crtbegin.o
 .bss           0x20000364       0x10 ./src/buzzer.o
 .bss           0x20000374       0x34 ./src/cli.o
 .bss           0x200003a8        0x4 ./src/config.o
 .bss           0x200003ac        0x4 ./src/drv_adc.o
 .bss           0x200003b0        0x2 ./src/drv_adxl345.o
                0x200003b1                acc_samples
 *fill*         0x200003b2        0x2 
 .bss           0x200003b4       0x30 ./src/drv_bmp085.o
 .bss           0x200003e4       0x18 ./src/drv_hcsr04.o
 .bss           0x200003fc       0x1c ./src/drv_i2c.o
 .bss           0x20000418        0x1 ./src/drv_l3g4200d.o
 .bss           0x20000419        0x1 ./src/drv_ledring.o
 .bss           0x2000041a        0x1 ./src/drv_mma845x.o
 .bss           0x2000041b        0x1 ./src/drv_mpu6050.o
 .bss           0x2000041c       0x18 ./src/drv_ms5611.o
 .bss           0x20000434      0x184 ./src/drv_pwm.o
 .bss           0x200005b8        0x8 ./src/drv_system.o
 .bss           0x200005c0       0x1c ./src/drv_uart.o
                0x200005c0                rxDMAPos
                0x200005c4                txBufferTail
                0x200005c8                txBufferHead
                0x200005cc                uart2Callback
                0x200005d0                tx2BufferTail
                0x200005d4                tx2BufferHead
                0x200005d8                uart2RxOnly
 .bss           0x200005dc      0x1a4 ./src/gps.o
 .bss           0x20000780       0x7c ./src/imu.o
                0x20000780                acc_25deg
                0x20000784                baroPressure
                0x20000788                baroTemperature
                0x2000078c                baroPressureSum
                0x20000790                BaroAlt
                0x20000794                BaroPID
                0x20000796                errorAltitudeI
                0x20000798                vario
                0x2000079c                magneticDeclination
                0x200007a0                gyroData
                0x200007a8                gyroZero
                0x200007b0                angle
 .bss           0x200007fc      0x104 ./src/mixer.o
                0x200007fd                useServo
 .bss           0x20000900       0xe0 ./src/mw.o
                0x20000900                toggleBeep
                0x20000904                currentTime
                0x20000908                previousTime
                0x2000090c                cycleTime
                0x2000090e                annex650_overrun_count
                0x20000910                failsafeCnt
                0x20000912                failsafeEvents
                0x20000914                rcReadRawFunc
                0x20000918                GPS_update
                0x2000091c                GPS_angle
                0x20000920                GPS_ground_course
                0x20000922                GPS_Present
                0x20000923                GPS_Enable
                0x20000924                nav_mode
                0x20000926                InflightcalibratingA
                0x20000928                AccInflightCalibrationMeasurementDone
                0x2000092a                AccInflightCalibrationSavetoEEProm
                0x2000092c                AccInflightCalibrationActive
 .bss           0x200009e0        0x8 ./src/printf.o
 .bss           0x200009e8      0x160 ./src/sensors.o
                0x200009e8                calibratingA
                0x200009ea                calibratingB
                0x200009ec                calibratingG
                0x200009ee                accHardware
 .bss           0x20000b48       0x60 ./src/serial.o
                0x20000ba2                cliMode
 .bss           0x20000ba8       0x2c ./src/spektrum.o
 .bss           0x20000bd4        0xc ./src/telemetry.o
 *(.bss*)
 *(COMMON)
 COMMON         0x20000be0      0x38c ./src/config.o
                0x20000be0                cfg
                0x20000c7c                mcfg
 COMMON         0x20000f6c      0x280 ./src/drv_uart.o
                0x20000f6c                tx2Buffer
                0x20000fec                rxBuffer
                0x200010ec                txBuffer
 COMMON         0x200011ec       0x48 ./src/imu.o
                0x200011ec                sonarAlt
                0x200011f0                gyroADC
                0x200011f8                accVelScale
                0x200011fc                accADC
                0x20001204                EstAlt
                0x20001208                magADC
                0x20001210                accLPFVel
                0x2000121c                AltHold
                0x20001220                accSmooth
                0x20001228                EstG
 COMMON         0x20001234       0x18 ./src/mixer.o
                0x20001234                motor
 COMMON         0x2000124c       0xac ./src/mw.o
                0x2000124c                telemTemperature1
                0x20001250                f
                0x20001260                GPS_altitude
                0x20001264                nav_rated
                0x20001268                lookupThrottleRC
                0x20001280                nav
                0x20001284                GPS_speed
                0x20001288                GPS_hold
                0x20001290                debug
                0x20001298                rcCommand
                0x200012a0                vbat
                0x200012a2                batteryWarningVoltage
                0x200012a4                axisPID
                0x200012aa                GPS_distanceToHome
                0x200012ac                GPS_home
                0x200012b4                GPS_directionToHome
                0x200012b8                rcOptions
                0x200012cc                GPS_coord
                0x200012d4                dynI8
                0x200012d8                rssi
                0x200012da                GPS_numSat
                0x200012dc                headFreeModeHold
                0x200012e0                dynD8
                0x200012e4                dynP8
                0x200012e8                AccInflightCalibrationArmed
                0x200012ec                lookupPitchRollRC
 COMMON         0x200012f8       0x46 ./src/sensors.o
                0x200012f8                acc
                0x2000130c                magHold
                0x20001310                gyro
                0x20001324                baro
                0x2000133c                heading
 *fill*         0x2000133e        0x2 
 COMMON         0x20001340       0x10 ./src/spektrum.o
                0x20001340                spekFrame
                0x20001350                . = ALIGN (0x4)
                0x20001350                _ebss = .
                0x20001350                __bss_end__ = _ebss

._user_heap_stack
                0x20001350      0x400 load address 0x0801c5ec
                0x20001350                . = ALIGN (0x4)
                0x20001350                PROVIDE (end, .)
                0x20001350                PROVIDE (_end, .)
                0x20001350                . = (. + _Min_Heap_Size)
                0x20001750                . = (. + _Min_Stack_Size)
 *fill*         0x20001350      0x400 
                0x20001750                . = ALIGN (0x4)

.memory_b1_text
 *(.mb1text)
 *(.mb1text*)
 *(.mb1rodata)
 *(.mb1rodata*)

/DISCARD/
 libc.a(*)
 libm.a(*)
 libgcc.a(*)

.ARM.attributes
                0x00000000       0x27
 *(.ARM.attributes)
 .ARM.attributes
                0x00000000       0x19 /home/oni/ARM_EABI/bin/../lib/gcc/arm-none-eabi/4.7.2/thumb2/crti.o
 .ARM.attributes
                0x00000019       0x29 /home/oni/ARM_EABI/bin/../lib/gcc/arm-none-eabi/4.7.2/thumb2/crtbegin.o
 .ARM.attributes
                0x00000042       0x33 ./src/buzzer.o
 .ARM.attributes
                0x00000075       0x33 ./src/cli.o
 .ARM.attributes
                0x000000a8       0x33 ./src/config.o
 .ARM.attributes
                0x000000db       0x33 ./src/drv_adc.o
 .ARM.attributes
                0x0000010e       0x33 ./src/drv_adxl345.o
 .ARM.attributes
                0x00000141       0x33 ./src/drv_bmp085.o
 .ARM.attributes
                0x00000174       0x33 ./src/drv_hcsr04.o
 .ARM.attributes
                0x000001a7       0x33 ./src/drv_hmc5883l.o
 .ARM.attributes
                0x000001da       0x33 ./src/drv_i2c.o
 .ARM.attributes
                0x0000020d       0x33 ./src/drv_l3g4200d.o
 .ARM.attributes
                0x00000240       0x33 ./src/drv_ledring.o
 .ARM.attributes
                0x00000273       0x33 ./src/drv_mma845x.o
 .ARM.attributes
                0x000002a6       0x33 ./src/drv_mpu3050.o
 .ARM.attributes
                0x000002d9       0x33 ./src/drv_mpu6050.o
 .ARM.attributes
                0x0000030c       0x33 ./src/drv_ms5611.o
 .ARM.attributes
                0x0000033f       0x33 ./src/drv_pwm.o
 .ARM.attributes
                0x00000372       0x33 ./src/drv_system.o
 .ARM.attributes
                0x000003a5       0x33 ./src/drv_uart.o
 .ARM.attributes
                0x000003d8       0x33 ./src/gps.o
 .ARM.attributes
                0x0000040b       0x33 ./src/imu.o
 .ARM.attributes
                0x0000043e       0x33 ./src/main.o
 .ARM.attributes
                0x00000471       0x33 ./src/mixer.o
 .ARM.attributes
                0x000004a4       0x33 ./src/mw.o
 .ARM.attributes
                0x000004d7       0x33 ./src/printf.o
 .ARM.attributes
                0x0000050a       0x33 ./src/sensors.o
 .ARM.attributes
                0x0000053d       0x33 ./src/serial.o
 .ARM.attributes
                0x00000570       0x33 ./src/spektrum.o
 .ARM.attributes
                0x000005a3       0x33 ./src/telemetry.o
 .ARM.attributes
                0x000005d6       0x21 ./src/baseflight_startups/startup_stm32f10x_md_gcc.o
 .ARM.attributes
                0x000005f7       0x33 ./lib/STM32F10x_StdPeriph_Driver/src/misc.o
 .ARM.attributes
                0x0000062a       0x33 ./lib/STM32F10x_StdPeriph_Driver/src/stm32f10x_adc.o
 .ARM.attributes
                0x0000065d       0x33 ./lib/STM32F10x_StdPeriph_Driver/src/stm32f10x_dma.o
 .ARM.attributes
                0x00000690       0x33 ./lib/STM32F10x_StdPeriph_Driver/src/stm32f10x_exti.o
 .ARM.attributes
                0x000006c3       0x33 ./lib/STM32F10x_StdPeriph_Driver/src/stm32f10x_flash.o
 .ARM.attributes
                0x000006f6       0x33 ./lib/STM32F10x_StdPeriph_Driver/src/stm32f10x_gpio.o
 .ARM.attributes
                0x00000729       0x33 ./lib/STM32F10x_StdPeriph_Driver/src/stm32f10x_i2c.o
 .ARM.attributes
                0x0000075c       0x33 ./lib/STM32F10x_StdPeriph_Driver/src/stm32f10x_rcc.o
 .ARM.attributes
                0x0000078f       0x33 ./lib/STM32F10x_StdPeriph_Driver/src/stm32f10x_tim.o
 .ARM.attributes
                0x000007c2       0x33 ./lib/STM32F10x_StdPeriph_Driver/src/stm32f10x_usart.o
 .ARM.attributes
                0x000007f5       0x33 ./lib/CMSIS/CM3/DeviceSupport/ST/STM32F10x/system_stm32f10x.o
 .ARM.attributes
                0x00000828       0x29 /home/oni/ARM_EABI/bin/../lib/gcc/arm-none-eabi/4.7.2/../../../../arm-none-eabi/lib/thumb2/libm.a(lib_a-sf_cos.o)
 .ARM.attributes
                0x00000851       0x29 /home/oni/ARM_EABI/bin/../lib/gcc/arm-none-eabi/4.7.2/../../../../arm-none-eabi/lib/thumb2/libm.a(lib_a-sf_sin.o)
 .ARM.attributes
                0x0000087a       0x29 /home/oni/ARM_EABI/bin/../lib/gcc/arm-none-eabi/4.7.2/../../../../arm-none-eabi/lib/thumb2/libm.a(lib_a-w_log.o)
 .ARM.attributes
                0x000008a3       0x29 /home/oni/ARM_EABI/bin/../lib/gcc/arm-none-eabi/4.7.2/../../../../arm-none-eabi/lib/thumb2/libm.a(lib_a-wf_asin.o)
 .ARM.attributes
                0x000008cc       0x29 /home/oni/ARM_EABI/bin/../lib/gcc/arm-none-eabi/4.7.2/../../../../arm-none-eabi/lib/thumb2/libm.a(lib_a-wf_atan2.o)
 .ARM.attributes
                0x000008f5       0x29 /home/oni/ARM_EABI/bin/../lib/gcc/arm-none-eabi/4.7.2/../../../../arm-none-eabi/lib/thumb2/libm.a(lib_a-wf_sqrt.o)
 .ARM.attributes
                0x0000091e       0x29 /home/oni/ARM_EABI/bin/../lib/gcc/arm-none-eabi/4.7.2/../../../../arm-none-eabi/lib/thumb2/libm.a(lib_a-e_log.o)
 .ARM.attributes
                0x00000947       0x29 /home/oni/ARM_EABI/bin/../lib/gcc/arm-none-eabi/4.7.2/../../../../arm-none-eabi/lib/thumb2/libm.a(lib_a-ef_asin.o)
 .ARM.attributes
                0x00000970       0x29 /home/oni/ARM_EABI/bin/../lib/gcc/arm-none-eabi/4.7.2/../../../../arm-none-eabi/lib/thumb2/libm.a(lib_a-ef_atan2.o)
 .ARM.attributes
                0x00000999       0x29 /home/oni/ARM_EABI/bin/../lib/gcc/arm-none-eabi/4.7.2/../../../../arm-none-eabi/lib/thumb2/libm.a(lib_a-ef_rem_pio2.o)
 .ARM.attributes
                0x000009c2       0x29 /home/oni/ARM_EABI/bin/../lib/gcc/arm-none-eabi/4.7.2/../../../../arm-none-eabi/lib/thumb2/libm.a(lib_a-ef_sqrt.o)
 .ARM.attributes
                0x000009eb       0x29 /home/oni/ARM_EABI/bin/../lib/gcc/arm-none-eabi/4.7.2/../../../../arm-none-eabi/lib/thumb2/libm.a(lib_a-kf_cos.o)
 .ARM.attributes
                0x00000a14       0x29 /home/oni/ARM_EABI/bin/../lib/gcc/arm-none-eabi/4.7.2/../../../../arm-none-eabi/lib/thumb2/libm.a(lib_a-kf_rem_pio2.o)
 .ARM.attributes
                0x00000a3d       0x29 /home/oni/ARM_EABI/bin/../lib/gcc/arm-none-eabi/4.7.2/../../../../arm-none-eabi/lib/thumb2/libm.a(lib_a-kf_sin.o)
 .ARM.attributes
                0x00000a66       0x29 /home/oni/ARM_EABI/bin/../lib/gcc/arm-none-eabi/4.7.2/../../../../arm-none-eabi/lib/thumb2/libm.a(lib_a-s_fpclassify.o)
 .ARM.attributes
                0x00000a8f       0x29 /home/oni/ARM_EABI/bin/../lib/gcc/arm-none-eabi/4.7.2/../../../../arm-none-eabi/lib/thumb2/libm.a(lib_a-s_lib_ver.o)
 .ARM.attributes
                0x00000ab8       0x29 /home/oni/ARM_EABI/bin/../lib/gcc/arm-none-eabi/4.7.2/../../../../arm-none-eabi/lib/thumb2/libm.a(lib_a-s_matherr.o)
 .ARM.attributes
                0x00000ae1       0x29 /home/oni/ARM_EABI/bin/../lib/gcc/arm-none-eabi/4.7.2/../../../../arm-none-eabi/lib/thumb2/libm.a(lib_a-s_nan.o)
 .ARM.attributes
                0x00000b0a       0x29 /home/oni/ARM_EABI/bin/../lib/gcc/arm-none-eabi/4.7.2/../../../../arm-none-eabi/lib/thumb2/libm.a(lib_a-sf_atan.o)
 .ARM.attributes
                0x00000b33       0x29 /home/oni/ARM_EABI/bin/../lib/gcc/arm-none-eabi/4.7.2/../../../../arm-none-eabi/lib/thumb2/libm.a(lib_a-sf_fabs.o)
 .ARM.attributes
                0x00000b5c       0x29 /home/oni/ARM_EABI/bin/../lib/gcc/arm-none-eabi/4.7.2/../../../../arm-none-eabi/lib/thumb2/libm.a(lib_a-sf_floor.o)
 .ARM.attributes
                0x00000b85       0x29 /home/oni/ARM_EABI/bin/../lib/gcc/arm-none-eabi/4.7.2/../../../../arm-none-eabi/lib/thumb2/libm.a(lib_a-sf_fpclassify.o)
 .ARM.attributes
                0x00000bae       0x29 /home/oni/ARM_EABI/bin/../lib/gcc/arm-none-eabi/4.7.2/../../../../arm-none-eabi/lib/thumb2/libm.a(lib_a-sf_scalbn.o)
 .ARM.attributes
                0x00000bd7       0x29 /home/oni/ARM_EABI/bin/../lib/gcc/arm-none-eabi/4.7.2/../../../../arm-none-eabi/lib/thumb2/libm.a(lib_a-sf_copysign.o)
 .ARM.attributes
                0x00000c00       0x19 /home/oni/ARM_EABI/bin/../lib/gcc/arm-none-eabi/4.7.2/thumb2/libgcc.a(_arm_addsubdf3.o)
 .ARM.attributes
                0x00000c19       0x19 /home/oni/ARM_EABI/bin/../lib/gcc/arm-none-eabi/4.7.2/thumb2/libgcc.a(_arm_muldivdf3.o)
 .ARM.attributes
                0x00000c32       0x19 /home/oni/ARM_EABI/bin/../lib/gcc/arm-none-eabi/4.7.2/thumb2/libgcc.a(_arm_cmpdf2.o)
 .ARM.attributes
                0x00000c4b       0x19 /home/oni/ARM_EABI/bin/../lib/gcc/arm-none-eabi/4.7.2/thumb2/libgcc.a(_arm_fixdfsi.o)
 .ARM.attributes
                0x00000c64       0x19 /home/oni/ARM_EABI/bin/../lib/gcc/arm-none-eabi/4.7.2/thumb2/libgcc.a(_arm_truncdfsf2.o)
 .ARM.attributes
                0x00000c7d       0x19 /home/oni/ARM_EABI/bin/../lib/gcc/arm-none-eabi/4.7.2/thumb2/libgcc.a(_arm_addsubsf3.o)
 .ARM.attributes
                0x00000c96       0x19 /home/oni/ARM_EABI/bin/../lib/gcc/arm-none-eabi/4.7.2/thumb2/libgcc.a(_arm_muldivsf3.o)
 .ARM.attributes
                0x00000caf       0x19 /home/oni/ARM_EABI/bin/../lib/gcc/arm-none-eabi/4.7.2/thumb2/libgcc.a(_arm_cmpsf2.o)
 .ARM.attributes
                0x00000cc8       0x19 /home/oni/ARM_EABI/bin/../lib/gcc/arm-none-eabi/4.7.2/thumb2/libgcc.a(_arm_fixsfsi.o)
 .ARM.attributes
                0x00000ce1       0x19 /home/oni/ARM_EABI/bin/../lib/gcc/arm-none-eabi/4.7.2/thumb2/libgcc.a(_arm_fixunssfsi.o)
 .ARM.attributes
                0x00000cfa       0x29 /home/oni/ARM_EABI/bin/../lib/gcc/arm-none-eabi/4.7.2/../../../../arm-none-eabi/lib/thumb2/libc.a(lib_a-atoi.o)
 .ARM.attributes
                0x00000d23       0x29 /home/oni/ARM_EABI/bin/../lib/gcc/arm-none-eabi/4.7.2/../../../../arm-none-eabi/lib/thumb2/libc.a(lib_a-bsearch.o)
 .ARM.attributes
                0x00000d4c       0x29 /home/oni/ARM_EABI/bin/../lib/gcc/arm-none-eabi/4.7.2/../../../../arm-none-eabi/lib/thumb2/libc.a(lib_a-ctype_.o)
 .ARM.attributes
                0x00000d75       0x29 /home/oni/ARM_EABI/bin/../lib/gcc/arm-none-eabi/4.7.2/../../../../arm-none-eabi/lib/thumb2/libc.a(lib_a-errno.o)
 .ARM.attributes
                0x00000d9e       0x29 /home/oni/ARM_EABI/bin/../lib/gcc/arm-none-eabi/4.7.2/../../../../arm-none-eabi/lib/thumb2/libc.a(lib_a-impure.o)
 .ARM.attributes
                0x00000dc7       0x29 /home/oni/ARM_EABI/bin/../lib/gcc/arm-none-eabi/4.7.2/../../../../arm-none-eabi/lib/thumb2/libc.a(lib_a-init.o)
 .ARM.attributes
                0x00000df0       0x29 /home/oni/ARM_EABI/bin/../lib/gcc/arm-none-eabi/4.7.2/../../../../arm-none-eabi/lib/thumb2/libc.a(lib_a-memcpy.o)
 .ARM.attributes
                0x00000e19       0x29 /home/oni/ARM_EABI/bin/../lib/gcc/arm-none-eabi/4.7.2/../../../../arm-none-eabi/lib/thumb2/libc.a(lib_a-memset.o)
 .ARM.attributes
                0x00000e42       0x29 /home/oni/ARM_EABI/bin/../lib/gcc/arm-none-eabi/4.7.2/../../../../arm-none-eabi/lib/thumb2/libc.a(lib_a-strcat.o)
 .ARM.attributes
                0x00000e6b       0x29 /home/oni/ARM_EABI/bin/../lib/gcc/arm-none-eabi/4.7.2/../../../../arm-none-eabi/lib/thumb2/libc.a(lib_a-strchr.o)
 .ARM.attributes
                0x00000e94       0x29 /home/oni/ARM_EABI/bin/../lib/gcc/arm-none-eabi/4.7.2/../../../../arm-none-eabi/lib/thumb2/libc.a(lib_a-strcpy.o)
 .ARM.attributes
                0x00000ebd       0x29 /home/oni/ARM_EABI/bin/../lib/gcc/arm-none-eabi/4.7.2/../../../../arm-none-eabi/lib/thumb2/libc.a(lib_a-strlen.o)
 .ARM.attributes
                0x00000ee6       0x29 /home/oni/ARM_EABI/bin/../lib/gcc/arm-none-eabi/4.7.2/../../../../arm-none-eabi/lib/thumb2/libc.a(lib_a-strncasecmp.o)
 .ARM.attributes
                0x00000f0f       0x29 /home/oni/ARM_EABI/bin/../lib/gcc/arm-none-eabi/4.7.2/../../../../arm-none-eabi/lib/thumb2/libc.a(lib_a-strncpy.o)
 .ARM.attributes
                0x00000f38       0x29 /home/oni/ARM_EABI/bin/../lib/gcc/arm-none-eabi/4.7.2/../../../../arm-none-eabi/lib/thumb2/libc.a(lib_a-strtol.o)
 .ARM.attributes
                0x00000f61       0x19 /home/oni/ARM_EABI/bin/../lib/gcc/arm-none-eabi/4.7.2/thumb2/libgcc.a(_udivsi3.o)
 .ARM.attributes
                0x00000f7a       0x19 /home/oni/ARM_EABI/bin/../lib/gcc/arm-none-eabi/4.7.2/thumb2/libgcc.a(_dvmd_tls.o)
 .ARM.attributes
                0x00000f93       0x29 /home/oni/ARM_EABI/bin/../lib/gcc/arm-none-eabi/4.7.2/thumb2/crtend.o
 .ARM.attributes
                0x00000fbc       0x19 /home/oni/ARM_EABI/bin/../lib/gcc/arm-none-eabi/4.7.2/thumb2/crtn.o
OUTPUT(Naze32.elf elf32-littlearm)

.debug_info     0x00000000    0x195c5
 .debug_info    0x00000000      0x8e1 ./src/buzzer.o
 .debug_info    0x000008e1     0x1421 ./src/cli.o
 .debug_info    0x00001d02      0xdc1 ./src/config.o
 .debug_info    0x00002ac3      0x471 ./src/drv_adc.o
 .debug_info    0x00002f34      0x31c ./src/drv_adxl345.o
 .debug_info    0x00003250      0x970 ./src/drv_bmp085.o
 .debug_info    0x00003bc0      0x7ec ./src/drv_hcsr04.o
 .debug_info    0x000043ac      0x34a ./src/drv_hmc5883l.o
 .debug_info    0x000046f6      0x915 ./src/drv_i2c.o
 .debug_info    0x0000500b      0x258 ./src/drv_l3g4200d.o
 .debug_info    0x00005263      0x2f8 ./src/drv_ledring.o
 .debug_info    0x0000555b      0x39d ./src/drv_mma845x.o
 .debug_info    0x000058f8      0x2a9 ./src/drv_mpu3050.o
 .debug_info    0x00005ba1      0x4c1 ./src/drv_mpu6050.o
 .debug_info    0x00006062      0x59b ./src/drv_ms5611.o
 .debug_info    0x000065fd     0x1004 ./src/drv_pwm.o
 .debug_info    0x00007601      0xa79 ./src/drv_system.o
 .debug_info    0x0000807a      0x985 ./src/drv_uart.o
 .debug_info    0x000089ff     0x1cf8 ./src/gps.o
 .debug_info    0x0000a6f7     0x12be ./src/imu.o
 .debug_info    0x0000b9b5      0xc5c ./src/main.o
 .debug_info    0x0000c611      0xf2a ./src/mixer.o
 .debug_info    0x0000d53b     0x158b ./src/mw.o
 .debug_info    0x0000eac6      0x563 ./src/printf.o
 .debug_info    0x0000f029     0x132c ./src/sensors.o
 .debug_info    0x00010355     0x11a3 ./src/serial.o
 .debug_info    0x000114f8      0x9bb ./src/spektrum.o
 .debug_info    0x00011eb3      0xb77 ./src/telemetry.o
 .debug_info    0x00012a2a       0x7c ./src/baseflight_startups/startup_stm32f10x_md_gcc.o
 .debug_info    0x00012aa6      0x548 ./lib/STM32F10x_StdPeriph_Driver/src/misc.o
 .debug_info    0x00012fee      0xc2f ./lib/STM32F10x_StdPeriph_Driver/src/stm32f10x_adc.o
 .debug_info    0x00013c1d      0x4aa ./lib/STM32F10x_StdPeriph_Driver/src/stm32f10x_dma.o
 .debug_info    0x000140c7      0x366 ./lib/STM32F10x_StdPeriph_Driver/src/stm32f10x_exti.o
 .debug_info    0x0001442d      0x832 ./lib/STM32F10x_StdPeriph_Driver/src/stm32f10x_flash.o
 .debug_info    0x00014c5f      0x732 ./lib/STM32F10x_StdPeriph_Driver/src/stm32f10x_gpio.o
 .debug_info    0x00015391      0xbb2 ./lib/STM32F10x_StdPeriph_Driver/src/stm32f10x_i2c.o
 .debug_info    0x00015f43      0x91e ./lib/STM32F10x_StdPeriph_Driver/src/stm32f10x_rcc.o
 .debug_info    0x00016861     0x1e70 ./lib/STM32F10x_StdPeriph_Driver/src/stm32f10x_tim.o
 .debug_info    0x000186d1      0xa86 ./lib/STM32F10x_StdPeriph_Driver/src/stm32f10x_usart.o
 .debug_info    0x00019157      0x46e ./lib/CMSIS/CM3/DeviceSupport/ST/STM32F10x/system_stm32f10x.o

.debug_abbrev   0x00000000     0x4717
 .debug_abbrev  0x00000000      0x14f ./src/buzzer.o
 .debug_abbrev  0x0000014f      0x28f ./src/cli.o
 .debug_abbrev  0x000003de      0x240 ./src/config.o
 .debug_abbrev  0x0000061e      0x13a ./src/drv_adc.o
 .debug_abbrev  0x00000758      0x155 ./src/drv_adxl345.o
 .debug_abbrev  0x000008ad      0x21f ./src/drv_bmp085.o
 .debug_abbrev  0x00000acc      0x198 ./src/drv_hcsr04.o
 .debug_abbrev  0x00000c64      0x13a ./src/drv_hmc5883l.o
 .debug_abbrev  0x00000d9e      0x211 ./src/drv_i2c.o
 .debug_abbrev  0x00000faf      0x12a ./src/drv_l3g4200d.o
 .debug_abbrev  0x000010d9      0x113 ./src/drv_ledring.o
 .debug_abbrev  0x000011ec      0x196 ./src/drv_mma845x.o
 .debug_abbrev  0x00001382      0x12a ./src/drv_mpu3050.o
 .debug_abbrev  0x000014ac      0x221 ./src/drv_mpu6050.o
 .debug_abbrev  0x000016cd      0x1a8 ./src/drv_ms5611.o
 .debug_abbrev  0x00001875      0x298 ./src/drv_pwm.o
 .debug_abbrev  0x00001b0d      0x256 ./src/drv_system.o
 .debug_abbrev  0x00001d63      0x200 ./src/drv_uart.o
 .debug_abbrev  0x00001f63      0x3a9 ./src/gps.o
 .debug_abbrev  0x0000230c      0x2b7 ./src/imu.o
 .debug_abbrev  0x000025c3      0x1c9 ./src/main.o
 .debug_abbrev  0x0000278c      0x224 ./src/mixer.o
 .debug_abbrev  0x000029b0      0x25d ./src/mw.o
 .debug_abbrev  0x00002c0d      0x1a7 ./src/printf.o
 .debug_abbrev  0x00002db4      0x324 ./src/sensors.o
 .debug_abbrev  0x000030d8      0x24c ./src/serial.o
 .debug_abbrev  0x00003324      0x1ae ./src/spektrum.o
 .debug_abbrev  0x000034d2      0x1a4 ./src/telemetry.o
 .debug_abbrev  0x00003676       0x12 ./src/baseflight_startups/startup_stm32f10x_md_gcc.o
 .debug_abbrev  0x00003688      0x13b ./lib/STM32F10x_StdPeriph_Driver/src/misc.o
 .debug_abbrev  0x000037c3      0x19d ./lib/STM32F10x_StdPeriph_Driver/src/stm32f10x_adc.o
 .debug_abbrev  0x00003960      0x15a ./lib/STM32F10x_StdPeriph_Driver/src/stm32f10x_dma.o
 .debug_abbrev  0x00003aba      0x156 ./lib/STM32F10x_StdPeriph_Driver/src/stm32f10x_exti.o
 .debug_abbrev  0x00003c10      0x190 ./lib/STM32F10x_StdPeriph_Driver/src/stm32f10x_flash.o
 .debug_abbrev  0x00003da0      0x1cd ./lib/STM32F10x_StdPeriph_Driver/src/stm32f10x_gpio.o
 .debug_abbrev  0x00003f6d      0x169 ./lib/STM32F10x_StdPeriph_Driver/src/stm32f10x_i2c.o
 .debug_abbrev  0x000040d6      0x1bf ./lib/STM32F10x_StdPeriph_Driver/src/stm32f10x_rcc.o
 .debug_abbrev  0x00004295      0x1b5 ./lib/STM32F10x_StdPeriph_Driver/src/stm32f10x_tim.o
 .debug_abbrev  0x0000444a      0x167 ./lib/STM32F10x_StdPeriph_Driver/src/stm32f10x_usart.o
 .debug_abbrev  0x000045b1      0x166 ./lib/CMSIS/CM3/DeviceSupport/ST/STM32F10x/system_stm32f10x.o

.debug_loc      0x00000000     0x7b95
 .debug_loc     0x00000000       0xa8 ./src/buzzer.o
 .debug_loc     0x000000a8      0x53b ./src/cli.o
 .debug_loc     0x000005e3      0x324 ./src/config.o
 .debug_loc     0x00000907       0x72 ./src/drv_adc.o
 .debug_loc     0x00000979       0xe0 ./src/drv_adxl345.o
 .debug_loc     0x00000a59      0x218 ./src/drv_bmp085.o
 .debug_loc     0x00000c71      0x138 ./src/drv_hcsr04.o
 .debug_loc     0x00000da9       0xaa ./src/drv_hmc5883l.o
 .debug_loc     0x00000e53      0x290 ./src/drv_i2c.o
 .debug_loc     0x000010e3       0xe0 ./src/drv_l3g4200d.o
 .debug_loc     0x000011c3       0xa8 ./src/drv_ledring.o
 .debug_loc     0x0000126b       0xe0 ./src/drv_mma845x.o
 .debug_loc     0x0000134b      0x118 ./src/drv_mpu3050.o
 .debug_loc     0x00001463      0x1d4 ./src/drv_mpu6050.o
 .debug_loc     0x00001637      0x1f6 ./src/drv_ms5611.o
 .debug_loc     0x0000182d      0x3cc ./src/drv_pwm.o
 .debug_loc     0x00001bf9      0x244 ./src/drv_system.o
 .debug_loc     0x00001e3d      0x302 ./src/drv_uart.o
 .debug_loc     0x0000213f      0x74c ./src/gps.o
 .debug_loc     0x0000288b      0x228 ./src/imu.o
 .debug_loc     0x00002ab3       0x9c ./src/main.o
 .debug_loc     0x00002b4f      0x170 ./src/mixer.o
 .debug_loc     0x00002cbf      0x19c ./src/mw.o
 .debug_loc     0x00002e5b      0x2b8 ./src/printf.o
 .debug_loc     0x00003113      0x3d4 ./src/sensors.o
 .debug_loc     0x000034e7      0x36a ./src/serial.o
 .debug_loc     0x00003851       0xc8 ./src/spektrum.o
 .debug_loc     0x00003919      0x2c8 ./src/telemetry.o
 .debug_loc     0x00003be1      0x118 ./lib/STM32F10x_StdPeriph_Driver/src/misc.o
 .debug_loc     0x00003cf9      0x7d4 ./lib/STM32F10x_StdPeriph_Driver/src/stm32f10x_adc.o
 .debug_loc     0x000044cd      0x268 ./lib/STM32F10x_StdPeriph_Driver/src/stm32f10x_dma.o
 .debug_loc     0x00004735      0x1b4 ./lib/STM32F10x_StdPeriph_Driver/src/stm32f10x_exti.o
 .debug_loc     0x000048e9      0x5d8 ./lib/STM32F10x_StdPeriph_Driver/src/stm32f10x_flash.o
 .debug_loc     0x00004ec1      0x3e4 ./lib/STM32F10x_StdPeriph_Driver/src/stm32f10x_gpio.o
 .debug_loc     0x000052a5      0x738 ./lib/STM32F10x_StdPeriph_Driver/src/stm32f10x_i2c.o
 .debug_loc     0x000059dd      0x6dc ./lib/STM32F10x_StdPeriph_Driver/src/stm32f10x_rcc.o
 .debug_loc     0x000060b9     0x13e8 ./lib/STM32F10x_StdPeriph_Driver/src/stm32f10x_tim.o
 .debug_loc     0x000074a1      0x658 ./lib/STM32F10x_StdPeriph_Driver/src/stm32f10x_usart.o
 .debug_loc     0x00007af9       0x9c ./lib/CMSIS/CM3/DeviceSupport/ST/STM32F10x/system_stm32f10x.o

.debug_aranges  0x00000000      0x508
 .debug_aranges
                0x00000000       0x20 ./src/buzzer.o
 .debug_aranges
                0x00000020       0x20 ./src/cli.o
 .debug_aranges
                0x00000040       0x20 ./src/config.o
 .debug_aranges
                0x00000060       0x20 ./src/drv_adc.o
 .debug_aranges
                0x00000080       0x20 ./src/drv_adxl345.o
 .debug_aranges
                0x000000a0       0x20 ./src/drv_bmp085.o
 .debug_aranges
                0x000000c0       0x20 ./src/drv_hcsr04.o
 .debug_aranges
                0x000000e0       0x20 ./src/drv_hmc5883l.o
 .debug_aranges
                0x00000100       0x20 ./src/drv_i2c.o
 .debug_aranges
                0x00000120       0x20 ./src/drv_l3g4200d.o
 .debug_aranges
                0x00000140       0x20 ./src/drv_ledring.o
 .debug_aranges
                0x00000160       0x20 ./src/drv_mma845x.o
 .debug_aranges
                0x00000180       0x20 ./src/drv_mpu3050.o
 .debug_aranges
                0x000001a0       0x20 ./src/drv_mpu6050.o
 .debug_aranges
                0x000001c0       0x20 ./src/drv_ms5611.o
 .debug_aranges
                0x000001e0       0x20 ./src/drv_pwm.o
 .debug_aranges
                0x00000200       0x20 ./src/drv_system.o
 .debug_aranges
                0x00000220       0x20 ./src/drv_uart.o
 .debug_aranges
                0x00000240       0x20 ./src/gps.o
 .debug_aranges
                0x00000260       0x20 ./src/imu.o
 .debug_aranges
                0x00000280       0x20 ./src/main.o
 .debug_aranges
                0x000002a0       0x20 ./src/mixer.o
 .debug_aranges
                0x000002c0       0x20 ./src/mw.o
 .debug_aranges
                0x000002e0       0x20 ./src/printf.o
 .debug_aranges
                0x00000300       0x20 ./src/sensors.o
 .debug_aranges
                0x00000320       0x20 ./src/serial.o
 .debug_aranges
                0x00000340       0x20 ./src/spektrum.o
 .debug_aranges
                0x00000360       0x20 ./src/telemetry.o
 .debug_aranges
                0x00000380       0x28 ./src/baseflight_startups/startup_stm32f10x_md_gcc.o
 .debug_aranges
                0x000003a8       0x20 ./lib/STM32F10x_StdPeriph_Driver/src/misc.o
 .debug_aranges
                0x000003c8       0x20 ./lib/STM32F10x_StdPeriph_Driver/src/stm32f10x_adc.o
 .debug_aranges
                0x000003e8       0x20 ./lib/STM32F10x_StdPeriph_Driver/src/stm32f10x_dma.o
 .debug_aranges
                0x00000408       0x20 ./lib/STM32F10x_StdPeriph_Driver/src/stm32f10x_exti.o
 .debug_aranges
                0x00000428       0x20 ./lib/STM32F10x_StdPeriph_Driver/src/stm32f10x_flash.o
 .debug_aranges
                0x00000448       0x20 ./lib/STM32F10x_StdPeriph_Driver/src/stm32f10x_gpio.o
 .debug_aranges
                0x00000468       0x20 ./lib/STM32F10x_StdPeriph_Driver/src/stm32f10x_i2c.o
 .debug_aranges
                0x00000488       0x20 ./lib/STM32F10x_StdPeriph_Driver/src/stm32f10x_rcc.o
 .debug_aranges
                0x000004a8       0x20 ./lib/STM32F10x_StdPeriph_Driver/src/stm32f10x_tim.o
 .debug_aranges
                0x000004c8       0x20 ./lib/STM32F10x_StdPeriph_Driver/src/stm32f10x_usart.o
 .debug_aranges
                0x000004e8       0x20 ./lib/CMSIS/CM3/DeviceSupport/ST/STM32F10x/system_stm32f10x.o

.debug_macro    0x00000000    0x15ddb
 .debug_macro   0x00000000      0x302 ./src/buzzer.o
 .debug_macro   0x00000302      0x814 ./src/buzzer.o
 .debug_macro   0x00000b16       0x22 ./src/buzzer.o
 .debug_macro   0x00000b38       0x3a ./src/buzzer.o
 .debug_macro   0x00000b72       0x35 ./src/buzzer.o
 .debug_macro   0x00000ba7       0x94 ./src/buzzer.o
 .debug_macro   0x00000c3b       0x10 ./src/buzzer.o
 .debug_macro   0x00000c4b      0x100 ./src/buzzer.o
 .debug_macro   0x00000d4b       0x3a ./src/buzzer.o
 .debug_macro   0x00000d85       0x52 ./src/buzzer.o
 .debug_macro   0x00000dd7       0x19 ./src/buzzer.o
 .debug_macro   0x00000df0      0x189 ./src/buzzer.o
 .debug_macro   0x00000f79       0x16 ./src/buzzer.o
 .debug_macro   0x00000f8f       0x29 ./src/buzzer.o
 .debug_macro   0x00000fb8      0x214 ./src/buzzer.o
 .debug_macro   0x000011cc      0x1da ./src/buzzer.o
 .debug_macro   0x000013a6       0xae ./src/buzzer.o
 .debug_macro   0x00001454       0x10 ./src/buzzer.o
 .debug_macro   0x00001464       0x12 ./src/buzzer.o
 .debug_macro   0x00001476       0x1c ./src/buzzer.o
 .debug_macro   0x00001492       0x16 ./src/buzzer.o
 .debug_macro   0x000014a8       0x10 ./src/buzzer.o
 .debug_macro   0x000014b8       0x10 ./src/buzzer.o
 .debug_macro   0x000014c8       0x85 ./src/buzzer.o
 .debug_macro   0x0000154d       0x22 ./src/buzzer.o
 .debug_macro   0x0000156f       0x91 ./src/buzzer.o
 .debug_macro   0x00001600       0x16 ./src/buzzer.o
 .debug_macro   0x00001616      0x15c ./src/buzzer.o
 .debug_macro   0x00001772       0x56 ./src/buzzer.o
 .debug_macro   0x000017c8      0x6bd ./src/buzzer.o
 .debug_macro   0x00001e85     0x7dbe ./src/buzzer.o
 .debug_macro   0x00009c43       0x35 ./src/buzzer.o
 .debug_macro   0x00009c78      0x2df ./src/buzzer.o
 .debug_macro   0x00009f57      0x144 ./src/buzzer.o
 .debug_macro   0x0000a09b      0x3cf ./src/buzzer.o
 .debug_macro   0x0000a46a       0xc8 ./src/buzzer.o
 .debug_macro   0x0000a532      0x17a ./src/buzzer.o
 .debug_macro   0x0000a6ac       0xac ./src/buzzer.o
 .debug_macro   0x0000a758      0x3ad ./src/buzzer.o
 .debug_macro   0x0000ab05       0x9a ./src/buzzer.o
 .debug_macro   0x0000ab9f      0x2cf ./src/buzzer.o
 .debug_macro   0x0000ae6e      0x279 ./src/buzzer.o
 .debug_macro   0x0000b0e7      0x2ac ./src/buzzer.o
 .debug_macro   0x0000b393      0x2b1 ./src/buzzer.o
 .debug_macro   0x0000b644       0x64 ./src/buzzer.o
 .debug_macro   0x0000b6a8       0x82 ./src/buzzer.o
 .debug_macro   0x0000b72a      0x3e2 ./src/buzzer.o
 .debug_macro   0x0000bb0c       0x58 ./src/buzzer.o
 .debug_macro   0x0000bb64      0x341 ./src/buzzer.o
 .debug_macro   0x0000bea5      0x2c4 ./src/buzzer.o
 .debug_macro   0x0000c169      0x711 ./src/buzzer.o
 .debug_macro   0x0000c87a      0x220 ./src/buzzer.o
 .debug_macro   0x0000ca9a       0x34 ./src/buzzer.o
 .debug_macro   0x0000cace       0x8b ./src/buzzer.o
 .debug_macro   0x0000cb59       0x52 ./src/buzzer.o
 .debug_macro   0x0000cbab       0x10 ./src/buzzer.o
 .debug_macro   0x0000cbbb       0xfc ./src/buzzer.o
 .debug_macro   0x0000ccb7       0x10 ./src/buzzer.o
 .debug_macro   0x0000ccc7       0x16 ./src/buzzer.o
 .debug_macro   0x0000ccdd       0x76 ./src/buzzer.o
 .debug_macro   0x0000cd53      0x31d ./src/cli.o
 .debug_macro   0x0000d070      0x314 ./src/config.o
 .debug_macro   0x0000d384      0x305 ./src/drv_adc.o
 .debug_macro   0x0000d689      0x377 ./src/drv_adxl345.o
 .debug_macro   0x0000da00      0x3b9 ./src/drv_bmp085.o
 .debug_macro   0x0000ddb9      0x302 ./src/drv_hcsr04.o
 .debug_macro   0x0000e0bb      0x341 ./src/drv_hmc5883l.o
 .debug_macro   0x0000e3fc      0x2ff ./src/drv_i2c.o
 .debug_macro   0x0000e6fb      0x35f ./src/drv_l3g4200d.o
 .debug_macro   0x0000ea5a      0x308 ./src/drv_ledring.o
 .debug_macro   0x0000ed62      0x3cb ./src/drv_mma845x.o
 .debug_macro   0x0000f12d      0x35f ./src/drv_mpu3050.o
 .debug_macro   0x0000f48c      0x599 ./src/drv_mpu6050.o
 .debug_macro   0x0000fa25      0x353 ./src/drv_ms5611.o
 .debug_macro   0x0000fd78      0x2ff ./src/drv_pwm.o
 .debug_macro   0x00010077      0x300 ./src/drv_system.o
 .debug_macro   0x00010377      0x306 ./src/drv_uart.o
 .debug_macro   0x0001067d      0x554 ./src/gps.o
 .debug_macro   0x00010bd1      0x339 ./src/imu.o
 .debug_macro   0x00010f0a      0x302 ./src/main.o
 .debug_macro   0x0001120c      0x302 ./src/mixer.o
 .debug_macro   0x0001150e      0x308 ./src/mw.o
 .debug_macro   0x00011816      0x2ff ./src/printf.o
 .debug_macro   0x00011b15      0x302 ./src/sensors.o
 .debug_macro   0x00011e17      0x3f8 ./src/serial.o
 .debug_macro   0x0001220f      0x30e ./src/spektrum.o
 .debug_macro   0x0001251d      0x3d4 ./src/telemetry.o
 .debug_macro   0x000128f1      0x14c ./lib/STM32F10x_StdPeriph_Driver/src/misc.o
 .debug_macro   0x00012a3d       0x22 ./lib/STM32F10x_StdPeriph_Driver/src/misc.o
 .debug_macro   0x00012a5f      0x69f ./lib/STM32F10x_StdPeriph_Driver/src/misc.o
 .debug_macro   0x000130fe       0x85 ./lib/STM32F10x_StdPeriph_Driver/src/misc.o
 .debug_macro   0x00013183      0x242 ./lib/STM32F10x_StdPeriph_Driver/src/stm32f10x_adc.o
 .debug_macro   0x000133c5      0x13e ./lib/STM32F10x_StdPeriph_Driver/src/stm32f10x_adc.o
 .debug_macro   0x00013503      0x19a ./lib/STM32F10x_StdPeriph_Driver/src/stm32f10x_dma.o
 .debug_macro   0x0001369d      0x3a7 ./lib/STM32F10x_StdPeriph_Driver/src/stm32f10x_dma.o
 .debug_macro   0x00013a44      0x14c ./lib/STM32F10x_StdPeriph_Driver/src/stm32f10x_exti.o
 .debug_macro   0x00013b90       0x94 ./lib/STM32F10x_StdPeriph_Driver/src/stm32f10x_exti.o
 .debug_macro   0x00013c24      0x1ee ./lib/STM32F10x_StdPeriph_Driver/src/stm32f10x_flash.o
 .debug_macro   0x00013e12      0x2c9 ./lib/STM32F10x_StdPeriph_Driver/src/stm32f10x_flash.o
 .debug_macro   0x000140db      0x194 ./lib/STM32F10x_StdPeriph_Driver/src/stm32f10x_gpio.o
 .debug_macro   0x0001426f      0x2a6 ./lib/STM32F10x_StdPeriph_Driver/src/stm32f10x_gpio.o
 .debug_macro   0x00014515      0x218 ./lib/STM32F10x_StdPeriph_Driver/src/stm32f10x_i2c.o
 .debug_macro   0x0001472d      0x2ab ./lib/STM32F10x_StdPeriph_Driver/src/stm32f10x_i2c.o
 .debug_macro   0x000149d8      0x262 ./lib/STM32F10x_StdPeriph_Driver/src/stm32f10x_rcc.o
 .debug_macro   0x00014c3a      0x3dc ./lib/STM32F10x_StdPeriph_Driver/src/stm32f10x_rcc.o
 .debug_macro   0x00015016      0x15e ./lib/STM32F10x_StdPeriph_Driver/src/stm32f10x_tim.o
 .debug_macro   0x00015174      0x70b ./lib/STM32F10x_StdPeriph_Driver/src/stm32f10x_tim.o
 .debug_macro   0x0001587f      0x1fa ./lib/STM32F10x_StdPeriph_Driver/src/stm32f10x_usart.o
 .debug_macro   0x00015a79      0x21a ./lib/STM32F10x_StdPeriph_Driver/src/stm32f10x_usart.o
 .debug_macro   0x00015c93      0x148 ./lib/CMSIS/CM3/DeviceSupport/ST/STM32F10x/system_stm32f10x.o

.debug_line     0x00000000    0x11a32
 .debug_line    0x00000000      0x767 ./src/buzzer.o
 .debug_line    0x00000767      0xb41 ./src/cli.o
 .debug_line    0x000012a8      0x852 ./src/config.o
 .debug_line    0x00001afa      0x777 ./src/drv_adc.o
 .debug_line    0x00002271      0x720 ./src/drv_adxl345.o
 .debug_line    0x00002991      0x74e ./src/drv_bmp085.o
 .debug_line    0x000030df      0x71b ./src/drv_hcsr04.o
 .debug_line    0x000037fa      0x734 ./src/drv_hmc5883l.o
 .debug_line    0x00003f2e      0x859 ./src/drv_i2c.o
 .debug_line    0x00004787      0x6f8 ./src/drv_l3g4200d.o
 .debug_line    0x00004e7f      0x728 ./src/drv_ledring.o
 .debug_line    0x000055a7      0x6fd ./src/drv_mma845x.o
 .debug_line    0x00005ca4      0x704 ./src/drv_mpu3050.o
 .debug_line    0x000063a8      0x739 ./src/drv_mpu6050.o
 .debug_line    0x00006ae1      0x760 ./src/drv_ms5611.o
 .debug_line    0x00007241      0x7f2 ./src/drv_pwm.o
 .debug_line    0x00007a33      0x77e ./src/drv_system.o
 .debug_line    0x000081b1      0x78e ./src/drv_uart.o